2025-11-25 00:28:52,107 - INFO - ================================================================================
2025-11-25 00:28:52,108 - INFO - Application Starting
2025-11-25 00:28:52,108 - INFO - ================================================================================
2025-11-25 00:29:09,221 - INFO - ================================================================================
2025-11-25 00:29:09,221 - INFO - Application Starting
2025-11-25 00:29:09,222 - INFO - ================================================================================
2025-11-25 00:29:14,816 - ERROR - Error in capture_frames: local variable 'state' referenced before assignment
Traceback (most recent call last):
  File "D:\SwinCode\Sem7\COS30082---FinalNPaper\app.py", line 1327, in capture_frames
    instruction_text = state['instructions'][current_step]
UnboundLocalError: local variable 'state' referenced before assignment
2025-11-25 00:29:14,929 - ERROR - Error in capture_frames: local variable 'state' referenced before assignment
Traceback (most recent call last):
  File "D:\SwinCode\Sem7\COS30082---FinalNPaper\app.py", line 1327, in capture_frames
    instruction_text = state['instructions'][current_step]
UnboundLocalError: local variable 'state' referenced before assignment
2025-11-25 00:29:15,038 - ERROR - Error in capture_frames: local variable 'state' referenced before assignment
Traceback (most recent call last):
  File "D:\SwinCode\Sem7\COS30082---FinalNPaper\app.py", line 1327, in capture_frames
    instruction_text = state['instructions'][current_step]
UnboundLocalError: local variable 'state' referenced before assignment
2025-11-25 00:29:15,147 - ERROR - Error in capture_frames: local variable 'state' referenced before assignment
Traceback (most recent call last):
  File "D:\SwinCode\Sem7\COS30082---FinalNPaper\app.py", line 1327, in capture_frames
    instruction_text = state['instructions'][current_step]
UnboundLocalError: local variable 'state' referenced before assignment
2025-11-25 00:29:15,256 - ERROR - Error in capture_frames: local variable 'state' referenced before assignment
Traceback (most recent call last):
  File "D:\SwinCode\Sem7\COS30082---FinalNPaper\app.py", line 1327, in capture_frames
    instruction_text = state['instructions'][current_step]
UnboundLocalError: local variable 'state' referenced before assignment
2025-11-25 00:29:15,365 - ERROR - Error in capture_frames: local variable 'state' referenced before assignment
Traceback (most recent call last):
  File "D:\SwinCode\Sem7\COS30082---FinalNPaper\app.py", line 1327, in capture_frames
    instruction_text = state['instructions'][current_step]
UnboundLocalError: local variable 'state' referenced before assignment
2025-11-25 00:29:15,474 - ERROR - Error in capture_frames: local variable 'state' referenced before assignment
Traceback (most recent call last):
  File "D:\SwinCode\Sem7\COS30082---FinalNPaper\app.py", line 1327, in capture_frames
    instruction_text = state['instructions'][current_step]
UnboundLocalError: local variable 'state' referenced before assignment
2025-11-25 00:29:15,586 - ERROR - Error in capture_frames: local variable 'state' referenced before assignment
Traceback (most recent call last):
  File "D:\SwinCode\Sem7\COS30082---FinalNPaper\app.py", line 1327, in capture_frames
    instruction_text = state['instructions'][current_step]
UnboundLocalError: local variable 'state' referenced before assignment
2025-11-25 00:29:15,710 - ERROR - Error in capture_frames: local variable 'state' referenced before assignment
Traceback (most recent call last):
  File "D:\SwinCode\Sem7\COS30082---FinalNPaper\app.py", line 1327, in capture_frames
    instruction_text = state['instructions'][current_step]
UnboundLocalError: local variable 'state' referenced before assignment
2025-11-25 00:29:15,834 - ERROR - Error in capture_frames: local variable 'state' referenced before assignment
Traceback (most recent call last):
  File "D:\SwinCode\Sem7\COS30082---FinalNPaper\app.py", line 1327, in capture_frames
    instruction_text = state['instructions'][current_step]
UnboundLocalError: local variable 'state' referenced before assignment
2025-11-25 00:29:15,944 - ERROR - Error in capture_frames: local variable 'state' referenced before assignment
Traceback (most recent call last):
  File "D:\SwinCode\Sem7\COS30082---FinalNPaper\app.py", line 1327, in capture_frames
    instruction_text = state['instructions'][current_step]
UnboundLocalError: local variable 'state' referenced before assignment
2025-11-25 00:29:16,054 - ERROR - Error in capture_frames: local variable 'state' referenced before assignment
Traceback (most recent call last):
  File "D:\SwinCode\Sem7\COS30082---FinalNPaper\app.py", line 1327, in capture_frames
    instruction_text = state['instructions'][current_step]
UnboundLocalError: local variable 'state' referenced before assignment
2025-11-25 00:29:16,166 - ERROR - Error in capture_frames: local variable 'state' referenced before assignment
Traceback (most recent call last):
  File "D:\SwinCode\Sem7\COS30082---FinalNPaper\app.py", line 1327, in capture_frames
    instruction_text = state['instructions'][current_step]
UnboundLocalError: local variable 'state' referenced before assignment
2025-11-25 00:29:16,276 - ERROR - Error in capture_frames: local variable 'state' referenced before assignment
Traceback (most recent call last):
  File "D:\SwinCode\Sem7\COS30082---FinalNPaper\app.py", line 1327, in capture_frames
    instruction_text = state['instructions'][current_step]
UnboundLocalError: local variable 'state' referenced before assignment
2025-11-25 00:29:16,386 - ERROR - Error in capture_frames: local variable 'state' referenced before assignment
Traceback (most recent call last):
  File "D:\SwinCode\Sem7\COS30082---FinalNPaper\app.py", line 1327, in capture_frames
    instruction_text = state['instructions'][current_step]
UnboundLocalError: local variable 'state' referenced before assignment
2025-11-25 00:29:16,496 - ERROR - Error in capture_frames: local variable 'state' referenced before assignment
Traceback (most recent call last):
  File "D:\SwinCode\Sem7\COS30082---FinalNPaper\app.py", line 1327, in capture_frames
    instruction_text = state['instructions'][current_step]
UnboundLocalError: local variable 'state' referenced before assignment
2025-11-25 00:29:16,605 - ERROR - Error in capture_frames: local variable 'state' referenced before assignment
Traceback (most recent call last):
  File "D:\SwinCode\Sem7\COS30082---FinalNPaper\app.py", line 1327, in capture_frames
    instruction_text = state['instructions'][current_step]
UnboundLocalError: local variable 'state' referenced before assignment
2025-11-25 00:29:16,717 - ERROR - Error in capture_frames: local variable 'state' referenced before assignment
Traceback (most recent call last):
  File "D:\SwinCode\Sem7\COS30082---FinalNPaper\app.py", line 1327, in capture_frames
    instruction_text = state['instructions'][current_step]
UnboundLocalError: local variable 'state' referenced before assignment
2025-11-25 00:29:16,826 - ERROR - Error in capture_frames: local variable 'state' referenced before assignment
Traceback (most recent call last):
  File "D:\SwinCode\Sem7\COS30082---FinalNPaper\app.py", line 1327, in capture_frames
    instruction_text = state['instructions'][current_step]
UnboundLocalError: local variable 'state' referenced before assignment
2025-11-25 00:29:16,937 - ERROR - Error in capture_frames: local variable 'state' referenced before assignment
Traceback (most recent call last):
  File "D:\SwinCode\Sem7\COS30082---FinalNPaper\app.py", line 1327, in capture_frames
    instruction_text = state['instructions'][current_step]
UnboundLocalError: local variable 'state' referenced before assignment
2025-11-25 00:29:17,060 - ERROR - Error in capture_frames: local variable 'state' referenced before assignment
Traceback (most recent call last):
  File "D:\SwinCode\Sem7\COS30082---FinalNPaper\app.py", line 1327, in capture_frames
    instruction_text = state['instructions'][current_step]
UnboundLocalError: local variable 'state' referenced before assignment
2025-11-25 00:29:17,170 - ERROR - Error in capture_frames: local variable 'state' referenced before assignment
Traceback (most recent call last):
  File "D:\SwinCode\Sem7\COS30082---FinalNPaper\app.py", line 1327, in capture_frames
    instruction_text = state['instructions'][current_step]
UnboundLocalError: local variable 'state' referenced before assignment
2025-11-25 00:29:17,294 - ERROR - Error in capture_frames: local variable 'state' referenced before assignment
Traceback (most recent call last):
  File "D:\SwinCode\Sem7\COS30082---FinalNPaper\app.py", line 1327, in capture_frames
    instruction_text = state['instructions'][current_step]
UnboundLocalError: local variable 'state' referenced before assignment
2025-11-25 00:29:17,403 - ERROR - Error in capture_frames: local variable 'state' referenced before assignment
Traceback (most recent call last):
  File "D:\SwinCode\Sem7\COS30082---FinalNPaper\app.py", line 1327, in capture_frames
    instruction_text = state['instructions'][current_step]
UnboundLocalError: local variable 'state' referenced before assignment
2025-11-25 00:29:17,513 - ERROR - Error in capture_frames: local variable 'state' referenced before assignment
Traceback (most recent call last):
  File "D:\SwinCode\Sem7\COS30082---FinalNPaper\app.py", line 1327, in capture_frames
    instruction_text = state['instructions'][current_step]
UnboundLocalError: local variable 'state' referenced before assignment
2025-11-25 00:29:17,623 - ERROR - Error in capture_frames: local variable 'state' referenced before assignment
Traceback (most recent call last):
  File "D:\SwinCode\Sem7\COS30082---FinalNPaper\app.py", line 1327, in capture_frames
    instruction_text = state['instructions'][current_step]
UnboundLocalError: local variable 'state' referenced before assignment
2025-11-25 00:29:17,732 - ERROR - Error in capture_frames: local variable 'state' referenced before assignment
Traceback (most recent call last):
  File "D:\SwinCode\Sem7\COS30082---FinalNPaper\app.py", line 1327, in capture_frames
    instruction_text = state['instructions'][current_step]
UnboundLocalError: local variable 'state' referenced before assignment
2025-11-25 00:29:17,844 - ERROR - Error in capture_frames: local variable 'state' referenced before assignment
Traceback (most recent call last):
  File "D:\SwinCode\Sem7\COS30082---FinalNPaper\app.py", line 1327, in capture_frames
    instruction_text = state['instructions'][current_step]
UnboundLocalError: local variable 'state' referenced before assignment
2025-11-25 00:29:17,953 - ERROR - Error in capture_frames: local variable 'state' referenced before assignment
Traceback (most recent call last):
  File "D:\SwinCode\Sem7\COS30082---FinalNPaper\app.py", line 1327, in capture_frames
    instruction_text = state['instructions'][current_step]
UnboundLocalError: local variable 'state' referenced before assignment
2025-11-25 00:29:18,062 - ERROR - Error in capture_frames: local variable 'state' referenced before assignment
Traceback (most recent call last):
  File "D:\SwinCode\Sem7\COS30082---FinalNPaper\app.py", line 1327, in capture_frames
    instruction_text = state['instructions'][current_step]
UnboundLocalError: local variable 'state' referenced before assignment
2025-11-25 00:29:18,784 - ERROR - Error in capture_frames: local variable 'state' referenced before assignment
Traceback (most recent call last):
  File "D:\SwinCode\Sem7\COS30082---FinalNPaper\app.py", line 1327, in capture_frames
    instruction_text = state['instructions'][current_step]
UnboundLocalError: local variable 'state' referenced before assignment
2025-11-25 00:29:18,902 - ERROR - Error in capture_frames: local variable 'state' referenced before assignment
Traceback (most recent call last):
  File "D:\SwinCode\Sem7\COS30082---FinalNPaper\app.py", line 1327, in capture_frames
    instruction_text = state['instructions'][current_step]
UnboundLocalError: local variable 'state' referenced before assignment
2025-11-25 00:29:19,028 - ERROR - Error in capture_frames: local variable 'state' referenced before assignment
Traceback (most recent call last):
  File "D:\SwinCode\Sem7\COS30082---FinalNPaper\app.py", line 1327, in capture_frames
    instruction_text = state['instructions'][current_step]
UnboundLocalError: local variable 'state' referenced before assignment
2025-11-25 00:29:19,149 - ERROR - Error in capture_frames: local variable 'state' referenced before assignment
Traceback (most recent call last):
  File "D:\SwinCode\Sem7\COS30082---FinalNPaper\app.py", line 1327, in capture_frames
    instruction_text = state['instructions'][current_step]
UnboundLocalError: local variable 'state' referenced before assignment
2025-11-25 00:29:19,265 - ERROR - Error in capture_frames: local variable 'state' referenced before assignment
Traceback (most recent call last):
  File "D:\SwinCode\Sem7\COS30082---FinalNPaper\app.py", line 1327, in capture_frames
    instruction_text = state['instructions'][current_step]
UnboundLocalError: local variable 'state' referenced before assignment
2025-11-25 00:29:19,383 - ERROR - Error in capture_frames: local variable 'state' referenced before assignment
Traceback (most recent call last):
  File "D:\SwinCode\Sem7\COS30082---FinalNPaper\app.py", line 1327, in capture_frames
    instruction_text = state['instructions'][current_step]
UnboundLocalError: local variable 'state' referenced before assignment
2025-11-25 00:29:19,496 - ERROR - Error in capture_frames: local variable 'state' referenced before assignment
Traceback (most recent call last):
  File "D:\SwinCode\Sem7\COS30082---FinalNPaper\app.py", line 1327, in capture_frames
    instruction_text = state['instructions'][current_step]
UnboundLocalError: local variable 'state' referenced before assignment
2025-11-25 00:29:19,620 - ERROR - Error in capture_frames: local variable 'state' referenced before assignment
Traceback (most recent call last):
  File "D:\SwinCode\Sem7\COS30082---FinalNPaper\app.py", line 1327, in capture_frames
    instruction_text = state['instructions'][current_step]
UnboundLocalError: local variable 'state' referenced before assignment
2025-11-25 00:29:19,735 - ERROR - Error in capture_frames: local variable 'state' referenced before assignment
Traceback (most recent call last):
  File "D:\SwinCode\Sem7\COS30082---FinalNPaper\app.py", line 1327, in capture_frames
    instruction_text = state['instructions'][current_step]
UnboundLocalError: local variable 'state' referenced before assignment
2025-11-25 00:29:19,854 - ERROR - Error in capture_frames: local variable 'state' referenced before assignment
Traceback (most recent call last):
  File "D:\SwinCode\Sem7\COS30082---FinalNPaper\app.py", line 1327, in capture_frames
    instruction_text = state['instructions'][current_step]
UnboundLocalError: local variable 'state' referenced before assignment
2025-11-25 00:29:19,965 - ERROR - Error in capture_frames: local variable 'state' referenced before assignment
Traceback (most recent call last):
  File "D:\SwinCode\Sem7\COS30082---FinalNPaper\app.py", line 1327, in capture_frames
    instruction_text = state['instructions'][current_step]
UnboundLocalError: local variable 'state' referenced before assignment
2025-11-25 00:29:20,077 - ERROR - Error in capture_frames: local variable 'state' referenced before assignment
Traceback (most recent call last):
  File "D:\SwinCode\Sem7\COS30082---FinalNPaper\app.py", line 1327, in capture_frames
    instruction_text = state['instructions'][current_step]
UnboundLocalError: local variable 'state' referenced before assignment
2025-11-25 00:29:20,201 - ERROR - Error in capture_frames: local variable 'state' referenced before assignment
Traceback (most recent call last):
  File "D:\SwinCode\Sem7\COS30082---FinalNPaper\app.py", line 1327, in capture_frames
    instruction_text = state['instructions'][current_step]
UnboundLocalError: local variable 'state' referenced before assignment
2025-11-25 00:29:20,326 - ERROR - Error in capture_frames: local variable 'state' referenced before assignment
Traceback (most recent call last):
  File "D:\SwinCode\Sem7\COS30082---FinalNPaper\app.py", line 1327, in capture_frames
    instruction_text = state['instructions'][current_step]
UnboundLocalError: local variable 'state' referenced before assignment
2025-11-25 00:29:20,436 - ERROR - Error in capture_frames: local variable 'state' referenced before assignment
Traceback (most recent call last):
  File "D:\SwinCode\Sem7\COS30082---FinalNPaper\app.py", line 1327, in capture_frames
    instruction_text = state['instructions'][current_step]
UnboundLocalError: local variable 'state' referenced before assignment
2025-11-25 00:29:20,547 - ERROR - Error in capture_frames: local variable 'state' referenced before assignment
Traceback (most recent call last):
  File "D:\SwinCode\Sem7\COS30082---FinalNPaper\app.py", line 1327, in capture_frames
    instruction_text = state['instructions'][current_step]
UnboundLocalError: local variable 'state' referenced before assignment
2025-11-25 00:29:20,658 - ERROR - Error in capture_frames: local variable 'state' referenced before assignment
Traceback (most recent call last):
  File "D:\SwinCode\Sem7\COS30082---FinalNPaper\app.py", line 1327, in capture_frames
    instruction_text = state['instructions'][current_step]
UnboundLocalError: local variable 'state' referenced before assignment
2025-11-25 00:29:20,769 - ERROR - Error in capture_frames: local variable 'state' referenced before assignment
Traceback (most recent call last):
  File "D:\SwinCode\Sem7\COS30082---FinalNPaper\app.py", line 1327, in capture_frames
    instruction_text = state['instructions'][current_step]
UnboundLocalError: local variable 'state' referenced before assignment
2025-11-25 00:29:20,878 - ERROR - Error in capture_frames: local variable 'state' referenced before assignment
Traceback (most recent call last):
  File "D:\SwinCode\Sem7\COS30082---FinalNPaper\app.py", line 1327, in capture_frames
    instruction_text = state['instructions'][current_step]
UnboundLocalError: local variable 'state' referenced before assignment
2025-11-25 00:29:20,987 - ERROR - Error in capture_frames: local variable 'state' referenced before assignment
Traceback (most recent call last):
  File "D:\SwinCode\Sem7\COS30082---FinalNPaper\app.py", line 1327, in capture_frames
    instruction_text = state['instructions'][current_step]
UnboundLocalError: local variable 'state' referenced before assignment
2025-11-25 00:29:21,099 - ERROR - Error in capture_frames: local variable 'state' referenced before assignment
Traceback (most recent call last):
  File "D:\SwinCode\Sem7\COS30082---FinalNPaper\app.py", line 1327, in capture_frames
    instruction_text = state['instructions'][current_step]
UnboundLocalError: local variable 'state' referenced before assignment
2025-11-25 00:29:21,211 - ERROR - Error in capture_frames: local variable 'state' referenced before assignment
Traceback (most recent call last):
  File "D:\SwinCode\Sem7\COS30082---FinalNPaper\app.py", line 1327, in capture_frames
    instruction_text = state['instructions'][current_step]
UnboundLocalError: local variable 'state' referenced before assignment
2025-11-25 00:29:21,334 - ERROR - Error in capture_frames: local variable 'state' referenced before assignment
Traceback (most recent call last):
  File "D:\SwinCode\Sem7\COS30082---FinalNPaper\app.py", line 1327, in capture_frames
    instruction_text = state['instructions'][current_step]
UnboundLocalError: local variable 'state' referenced before assignment
2025-11-25 00:29:21,446 - ERROR - Error in capture_frames: local variable 'state' referenced before assignment
Traceback (most recent call last):
  File "D:\SwinCode\Sem7\COS30082---FinalNPaper\app.py", line 1327, in capture_frames
    instruction_text = state['instructions'][current_step]
UnboundLocalError: local variable 'state' referenced before assignment
2025-11-25 00:29:21,554 - ERROR - Error in capture_frames: local variable 'state' referenced before assignment
Traceback (most recent call last):
  File "D:\SwinCode\Sem7\COS30082---FinalNPaper\app.py", line 1327, in capture_frames
    instruction_text = state['instructions'][current_step]
UnboundLocalError: local variable 'state' referenced before assignment
2025-11-25 00:29:21,665 - ERROR - Error in capture_frames: local variable 'state' referenced before assignment
Traceback (most recent call last):
  File "D:\SwinCode\Sem7\COS30082---FinalNPaper\app.py", line 1327, in capture_frames
    instruction_text = state['instructions'][current_step]
UnboundLocalError: local variable 'state' referenced before assignment
2025-11-25 00:29:21,774 - ERROR - Error in capture_frames: local variable 'state' referenced before assignment
Traceback (most recent call last):
  File "D:\SwinCode\Sem7\COS30082---FinalNPaper\app.py", line 1327, in capture_frames
    instruction_text = state['instructions'][current_step]
UnboundLocalError: local variable 'state' referenced before assignment
2025-11-25 00:29:21,899 - ERROR - Error in capture_frames: local variable 'state' referenced before assignment
Traceback (most recent call last):
  File "D:\SwinCode\Sem7\COS30082---FinalNPaper\app.py", line 1327, in capture_frames
    instruction_text = state['instructions'][current_step]
UnboundLocalError: local variable 'state' referenced before assignment
2025-11-25 00:29:22,009 - ERROR - Error in capture_frames: local variable 'state' referenced before assignment
Traceback (most recent call last):
  File "D:\SwinCode\Sem7\COS30082---FinalNPaper\app.py", line 1327, in capture_frames
    instruction_text = state['instructions'][current_step]
UnboundLocalError: local variable 'state' referenced before assignment
2025-11-25 00:29:22,121 - ERROR - Error in capture_frames: local variable 'state' referenced before assignment
Traceback (most recent call last):
  File "D:\SwinCode\Sem7\COS30082---FinalNPaper\app.py", line 1327, in capture_frames
    instruction_text = state['instructions'][current_step]
UnboundLocalError: local variable 'state' referenced before assignment
2025-11-25 00:29:22,232 - ERROR - Error in capture_frames: local variable 'state' referenced before assignment
Traceback (most recent call last):
  File "D:\SwinCode\Sem7\COS30082---FinalNPaper\app.py", line 1327, in capture_frames
    instruction_text = state['instructions'][current_step]
UnboundLocalError: local variable 'state' referenced before assignment
2025-11-25 00:29:22,342 - ERROR - Error in capture_frames: local variable 'state' referenced before assignment
Traceback (most recent call last):
  File "D:\SwinCode\Sem7\COS30082---FinalNPaper\app.py", line 1327, in capture_frames
    instruction_text = state['instructions'][current_step]
UnboundLocalError: local variable 'state' referenced before assignment
2025-11-25 00:29:22,450 - ERROR - Error in capture_frames: local variable 'state' referenced before assignment
Traceback (most recent call last):
  File "D:\SwinCode\Sem7\COS30082---FinalNPaper\app.py", line 1327, in capture_frames
    instruction_text = state['instructions'][current_step]
UnboundLocalError: local variable 'state' referenced before assignment
2025-11-25 00:29:22,560 - ERROR - Error in capture_frames: local variable 'state' referenced before assignment
Traceback (most recent call last):
  File "D:\SwinCode\Sem7\COS30082---FinalNPaper\app.py", line 1327, in capture_frames
    instruction_text = state['instructions'][current_step]
UnboundLocalError: local variable 'state' referenced before assignment
2025-11-25 00:29:22,671 - ERROR - Error in capture_frames: local variable 'state' referenced before assignment
Traceback (most recent call last):
  File "D:\SwinCode\Sem7\COS30082---FinalNPaper\app.py", line 1327, in capture_frames
    instruction_text = state['instructions'][current_step]
UnboundLocalError: local variable 'state' referenced before assignment
2025-11-25 00:29:22,781 - ERROR - Error in capture_frames: local variable 'state' referenced before assignment
Traceback (most recent call last):
  File "D:\SwinCode\Sem7\COS30082---FinalNPaper\app.py", line 1327, in capture_frames
    instruction_text = state['instructions'][current_step]
UnboundLocalError: local variable 'state' referenced before assignment
2025-11-25 00:29:22,906 - ERROR - Error in capture_frames: local variable 'state' referenced before assignment
Traceback (most recent call last):
  File "D:\SwinCode\Sem7\COS30082---FinalNPaper\app.py", line 1327, in capture_frames
    instruction_text = state['instructions'][current_step]
UnboundLocalError: local variable 'state' referenced before assignment
2025-11-25 00:29:23,018 - ERROR - Error in capture_frames: local variable 'state' referenced before assignment
Traceback (most recent call last):
  File "D:\SwinCode\Sem7\COS30082---FinalNPaper\app.py", line 1327, in capture_frames
    instruction_text = state['instructions'][current_step]
UnboundLocalError: local variable 'state' referenced before assignment
2025-11-25 00:29:23,142 - ERROR - Error in capture_frames: local variable 'state' referenced before assignment
Traceback (most recent call last):
  File "D:\SwinCode\Sem7\COS30082---FinalNPaper\app.py", line 1327, in capture_frames
    instruction_text = state['instructions'][current_step]
UnboundLocalError: local variable 'state' referenced before assignment
2025-11-25 00:29:23,250 - ERROR - Error in capture_frames: local variable 'state' referenced before assignment
Traceback (most recent call last):
  File "D:\SwinCode\Sem7\COS30082---FinalNPaper\app.py", line 1327, in capture_frames
    instruction_text = state['instructions'][current_step]
UnboundLocalError: local variable 'state' referenced before assignment
2025-11-25 00:29:23,360 - ERROR - Error in capture_frames: local variable 'state' referenced before assignment
Traceback (most recent call last):
  File "D:\SwinCode\Sem7\COS30082---FinalNPaper\app.py", line 1327, in capture_frames
    instruction_text = state['instructions'][current_step]
UnboundLocalError: local variable 'state' referenced before assignment
2025-11-25 00:29:23,472 - ERROR - Error in capture_frames: local variable 'state' referenced before assignment
Traceback (most recent call last):
  File "D:\SwinCode\Sem7\COS30082---FinalNPaper\app.py", line 1327, in capture_frames
    instruction_text = state['instructions'][current_step]
UnboundLocalError: local variable 'state' referenced before assignment
2025-11-25 00:29:23,583 - ERROR - Error in capture_frames: local variable 'state' referenced before assignment
Traceback (most recent call last):
  File "D:\SwinCode\Sem7\COS30082---FinalNPaper\app.py", line 1327, in capture_frames
    instruction_text = state['instructions'][current_step]
UnboundLocalError: local variable 'state' referenced before assignment
2025-11-25 00:29:23,708 - ERROR - Error in capture_frames: local variable 'state' referenced before assignment
Traceback (most recent call last):
  File "D:\SwinCode\Sem7\COS30082---FinalNPaper\app.py", line 1327, in capture_frames
    instruction_text = state['instructions'][current_step]
UnboundLocalError: local variable 'state' referenced before assignment
2025-11-25 00:29:23,818 - ERROR - Error in capture_frames: local variable 'state' referenced before assignment
Traceback (most recent call last):
  File "D:\SwinCode\Sem7\COS30082---FinalNPaper\app.py", line 1327, in capture_frames
    instruction_text = state['instructions'][current_step]
UnboundLocalError: local variable 'state' referenced before assignment
2025-11-25 00:29:23,927 - ERROR - Error in capture_frames: local variable 'state' referenced before assignment
Traceback (most recent call last):
  File "D:\SwinCode\Sem7\COS30082---FinalNPaper\app.py", line 1327, in capture_frames
    instruction_text = state['instructions'][current_step]
UnboundLocalError: local variable 'state' referenced before assignment
2025-11-25 00:29:24,037 - ERROR - Error in capture_frames: local variable 'state' referenced before assignment
Traceback (most recent call last):
  File "D:\SwinCode\Sem7\COS30082---FinalNPaper\app.py", line 1327, in capture_frames
    instruction_text = state['instructions'][current_step]
UnboundLocalError: local variable 'state' referenced before assignment
2025-11-25 00:29:24,149 - ERROR - Error in capture_frames: local variable 'state' referenced before assignment
Traceback (most recent call last):
  File "D:\SwinCode\Sem7\COS30082---FinalNPaper\app.py", line 1327, in capture_frames
    instruction_text = state['instructions'][current_step]
UnboundLocalError: local variable 'state' referenced before assignment
2025-11-25 00:29:24,260 - ERROR - Error in capture_frames: local variable 'state' referenced before assignment
Traceback (most recent call last):
  File "D:\SwinCode\Sem7\COS30082---FinalNPaper\app.py", line 1327, in capture_frames
    instruction_text = state['instructions'][current_step]
UnboundLocalError: local variable 'state' referenced before assignment
2025-11-25 00:29:24,370 - ERROR - Error in capture_frames: local variable 'state' referenced before assignment
Traceback (most recent call last):
  File "D:\SwinCode\Sem7\COS30082---FinalNPaper\app.py", line 1327, in capture_frames
    instruction_text = state['instructions'][current_step]
UnboundLocalError: local variable 'state' referenced before assignment
2025-11-25 00:29:24,481 - ERROR - Error in capture_frames: local variable 'state' referenced before assignment
Traceback (most recent call last):
  File "D:\SwinCode\Sem7\COS30082---FinalNPaper\app.py", line 1327, in capture_frames
    instruction_text = state['instructions'][current_step]
UnboundLocalError: local variable 'state' referenced before assignment
2025-11-25 00:29:24,593 - ERROR - Error in capture_frames: local variable 'state' referenced before assignment
Traceback (most recent call last):
  File "D:\SwinCode\Sem7\COS30082---FinalNPaper\app.py", line 1327, in capture_frames
    instruction_text = state['instructions'][current_step]
UnboundLocalError: local variable 'state' referenced before assignment
2025-11-25 00:29:24,716 - ERROR - Error in capture_frames: local variable 'state' referenced before assignment
Traceback (most recent call last):
  File "D:\SwinCode\Sem7\COS30082---FinalNPaper\app.py", line 1327, in capture_frames
    instruction_text = state['instructions'][current_step]
UnboundLocalError: local variable 'state' referenced before assignment
2025-11-25 00:29:24,827 - ERROR - Error in capture_frames: local variable 'state' referenced before assignment
Traceback (most recent call last):
  File "D:\SwinCode\Sem7\COS30082---FinalNPaper\app.py", line 1327, in capture_frames
    instruction_text = state['instructions'][current_step]
UnboundLocalError: local variable 'state' referenced before assignment
2025-11-25 00:29:24,939 - ERROR - Error in capture_frames: local variable 'state' referenced before assignment
Traceback (most recent call last):
  File "D:\SwinCode\Sem7\COS30082---FinalNPaper\app.py", line 1327, in capture_frames
    instruction_text = state['instructions'][current_step]
UnboundLocalError: local variable 'state' referenced before assignment
2025-11-25 00:29:25,064 - ERROR - Error in capture_frames: local variable 'state' referenced before assignment
Traceback (most recent call last):
  File "D:\SwinCode\Sem7\COS30082---FinalNPaper\app.py", line 1327, in capture_frames
    instruction_text = state['instructions'][current_step]
UnboundLocalError: local variable 'state' referenced before assignment
2025-11-25 00:29:25,188 - ERROR - Error in capture_frames: local variable 'state' referenced before assignment
Traceback (most recent call last):
  File "D:\SwinCode\Sem7\COS30082---FinalNPaper\app.py", line 1327, in capture_frames
    instruction_text = state['instructions'][current_step]
UnboundLocalError: local variable 'state' referenced before assignment
2025-11-25 00:29:25,299 - ERROR - Error in capture_frames: local variable 'state' referenced before assignment
Traceback (most recent call last):
  File "D:\SwinCode\Sem7\COS30082---FinalNPaper\app.py", line 1327, in capture_frames
    instruction_text = state['instructions'][current_step]
UnboundLocalError: local variable 'state' referenced before assignment
2025-11-25 00:29:25,410 - ERROR - Error in capture_frames: local variable 'state' referenced before assignment
Traceback (most recent call last):
  File "D:\SwinCode\Sem7\COS30082---FinalNPaper\app.py", line 1327, in capture_frames
    instruction_text = state['instructions'][current_step]
UnboundLocalError: local variable 'state' referenced before assignment
2025-11-25 00:29:25,522 - ERROR - Error in capture_frames: local variable 'state' referenced before assignment
Traceback (most recent call last):
  File "D:\SwinCode\Sem7\COS30082---FinalNPaper\app.py", line 1327, in capture_frames
    instruction_text = state['instructions'][current_step]
UnboundLocalError: local variable 'state' referenced before assignment
2025-11-25 00:29:25,632 - ERROR - Error in capture_frames: local variable 'state' referenced before assignment
Traceback (most recent call last):
  File "D:\SwinCode\Sem7\COS30082---FinalNPaper\app.py", line 1327, in capture_frames
    instruction_text = state['instructions'][current_step]
UnboundLocalError: local variable 'state' referenced before assignment
2025-11-25 00:29:25,743 - ERROR - Error in capture_frames: local variable 'state' referenced before assignment
Traceback (most recent call last):
  File "D:\SwinCode\Sem7\COS30082---FinalNPaper\app.py", line 1327, in capture_frames
    instruction_text = state['instructions'][current_step]
UnboundLocalError: local variable 'state' referenced before assignment
2025-11-25 00:29:25,853 - ERROR - Error in capture_frames: local variable 'state' referenced before assignment
Traceback (most recent call last):
  File "D:\SwinCode\Sem7\COS30082---FinalNPaper\app.py", line 1327, in capture_frames
    instruction_text = state['instructions'][current_step]
UnboundLocalError: local variable 'state' referenced before assignment
2025-11-25 00:29:25,979 - ERROR - Error in capture_frames: local variable 'state' referenced before assignment
Traceback (most recent call last):
  File "D:\SwinCode\Sem7\COS30082---FinalNPaper\app.py", line 1327, in capture_frames
    instruction_text = state['instructions'][current_step]
UnboundLocalError: local variable 'state' referenced before assignment
2025-11-25 00:29:26,089 - ERROR - Error in capture_frames: local variable 'state' referenced before assignment
Traceback (most recent call last):
  File "D:\SwinCode\Sem7\COS30082---FinalNPaper\app.py", line 1327, in capture_frames
    instruction_text = state['instructions'][current_step]
UnboundLocalError: local variable 'state' referenced before assignment
2025-11-25 00:29:26,198 - ERROR - Error in capture_frames: local variable 'state' referenced before assignment
Traceback (most recent call last):
  File "D:\SwinCode\Sem7\COS30082---FinalNPaper\app.py", line 1327, in capture_frames
    instruction_text = state['instructions'][current_step]
UnboundLocalError: local variable 'state' referenced before assignment
2025-11-25 00:29:26,309 - ERROR - Error in capture_frames: local variable 'state' referenced before assignment
Traceback (most recent call last):
  File "D:\SwinCode\Sem7\COS30082---FinalNPaper\app.py", line 1327, in capture_frames
    instruction_text = state['instructions'][current_step]
UnboundLocalError: local variable 'state' referenced before assignment
2025-11-25 00:29:26,434 - ERROR - Error in capture_frames: local variable 'state' referenced before assignment
Traceback (most recent call last):
  File "D:\SwinCode\Sem7\COS30082---FinalNPaper\app.py", line 1327, in capture_frames
    instruction_text = state['instructions'][current_step]
UnboundLocalError: local variable 'state' referenced before assignment
2025-11-25 00:29:26,546 - ERROR - Error in capture_frames: local variable 'state' referenced before assignment
Traceback (most recent call last):
  File "D:\SwinCode\Sem7\COS30082---FinalNPaper\app.py", line 1327, in capture_frames
    instruction_text = state['instructions'][current_step]
UnboundLocalError: local variable 'state' referenced before assignment
2025-11-25 00:29:26,670 - ERROR - Error in capture_frames: local variable 'state' referenced before assignment
Traceback (most recent call last):
  File "D:\SwinCode\Sem7\COS30082---FinalNPaper\app.py", line 1327, in capture_frames
    instruction_text = state['instructions'][current_step]
UnboundLocalError: local variable 'state' referenced before assignment
2025-11-25 00:29:28,294 - ERROR - Error in capture_frames: local variable 'state' referenced before assignment
Traceback (most recent call last):
  File "D:\SwinCode\Sem7\COS30082---FinalNPaper\app.py", line 1327, in capture_frames
    instruction_text = state['instructions'][current_step]
UnboundLocalError: local variable 'state' referenced before assignment
2025-11-25 00:29:28,409 - ERROR - Error in capture_frames: local variable 'state' referenced before assignment
Traceback (most recent call last):
  File "D:\SwinCode\Sem7\COS30082---FinalNPaper\app.py", line 1327, in capture_frames
    instruction_text = state['instructions'][current_step]
UnboundLocalError: local variable 'state' referenced before assignment
2025-11-25 00:29:28,534 - ERROR - Error in capture_frames: local variable 'state' referenced before assignment
Traceback (most recent call last):
  File "D:\SwinCode\Sem7\COS30082---FinalNPaper\app.py", line 1327, in capture_frames
    instruction_text = state['instructions'][current_step]
UnboundLocalError: local variable 'state' referenced before assignment
2025-11-25 00:29:28,659 - ERROR - Error in capture_frames: local variable 'state' referenced before assignment
Traceback (most recent call last):
  File "D:\SwinCode\Sem7\COS30082---FinalNPaper\app.py", line 1327, in capture_frames
    instruction_text = state['instructions'][current_step]
UnboundLocalError: local variable 'state' referenced before assignment
2025-11-25 00:29:28,785 - ERROR - Error in capture_frames: local variable 'state' referenced before assignment
Traceback (most recent call last):
  File "D:\SwinCode\Sem7\COS30082---FinalNPaper\app.py", line 1327, in capture_frames
    instruction_text = state['instructions'][current_step]
UnboundLocalError: local variable 'state' referenced before assignment
2025-11-25 00:29:28,907 - ERROR - Error in capture_frames: local variable 'state' referenced before assignment
Traceback (most recent call last):
  File "D:\SwinCode\Sem7\COS30082---FinalNPaper\app.py", line 1327, in capture_frames
    instruction_text = state['instructions'][current_step]
UnboundLocalError: local variable 'state' referenced before assignment
2025-11-25 00:29:29,017 - ERROR - Error in capture_frames: local variable 'state' referenced before assignment
Traceback (most recent call last):
  File "D:\SwinCode\Sem7\COS30082---FinalNPaper\app.py", line 1327, in capture_frames
    instruction_text = state['instructions'][current_step]
UnboundLocalError: local variable 'state' referenced before assignment
2025-11-25 00:29:29,127 - ERROR - Error in capture_frames: local variable 'state' referenced before assignment
Traceback (most recent call last):
  File "D:\SwinCode\Sem7\COS30082---FinalNPaper\app.py", line 1327, in capture_frames
    instruction_text = state['instructions'][current_step]
UnboundLocalError: local variable 'state' referenced before assignment
2025-11-25 00:29:29,238 - ERROR - Error in capture_frames: local variable 'state' referenced before assignment
Traceback (most recent call last):
  File "D:\SwinCode\Sem7\COS30082---FinalNPaper\app.py", line 1327, in capture_frames
    instruction_text = state['instructions'][current_step]
UnboundLocalError: local variable 'state' referenced before assignment
2025-11-25 00:29:29,362 - ERROR - Error in capture_frames: local variable 'state' referenced before assignment
Traceback (most recent call last):
  File "D:\SwinCode\Sem7\COS30082---FinalNPaper\app.py", line 1327, in capture_frames
    instruction_text = state['instructions'][current_step]
UnboundLocalError: local variable 'state' referenced before assignment
2025-11-25 00:29:29,472 - ERROR - Error in capture_frames: local variable 'state' referenced before assignment
Traceback (most recent call last):
  File "D:\SwinCode\Sem7\COS30082---FinalNPaper\app.py", line 1327, in capture_frames
    instruction_text = state['instructions'][current_step]
UnboundLocalError: local variable 'state' referenced before assignment
2025-11-25 00:29:29,583 - ERROR - Error in capture_frames: local variable 'state' referenced before assignment
Traceback (most recent call last):
  File "D:\SwinCode\Sem7\COS30082---FinalNPaper\app.py", line 1327, in capture_frames
    instruction_text = state['instructions'][current_step]
UnboundLocalError: local variable 'state' referenced before assignment
2025-11-25 00:29:29,696 - ERROR - Error in capture_frames: local variable 'state' referenced before assignment
Traceback (most recent call last):
  File "D:\SwinCode\Sem7\COS30082---FinalNPaper\app.py", line 1327, in capture_frames
    instruction_text = state['instructions'][current_step]
UnboundLocalError: local variable 'state' referenced before assignment
2025-11-25 00:29:29,805 - ERROR - Error in capture_frames: local variable 'state' referenced before assignment
Traceback (most recent call last):
  File "D:\SwinCode\Sem7\COS30082---FinalNPaper\app.py", line 1327, in capture_frames
    instruction_text = state['instructions'][current_step]
UnboundLocalError: local variable 'state' referenced before assignment
2025-11-25 00:29:29,930 - ERROR - Error in capture_frames: local variable 'state' referenced before assignment
Traceback (most recent call last):
  File "D:\SwinCode\Sem7\COS30082---FinalNPaper\app.py", line 1327, in capture_frames
    instruction_text = state['instructions'][current_step]
UnboundLocalError: local variable 'state' referenced before assignment
2025-11-25 00:29:30,053 - ERROR - Error in capture_frames: local variable 'state' referenced before assignment
Traceback (most recent call last):
  File "D:\SwinCode\Sem7\COS30082---FinalNPaper\app.py", line 1327, in capture_frames
    instruction_text = state['instructions'][current_step]
UnboundLocalError: local variable 'state' referenced before assignment
2025-11-25 00:29:30,178 - ERROR - Error in capture_frames: local variable 'state' referenced before assignment
Traceback (most recent call last):
  File "D:\SwinCode\Sem7\COS30082---FinalNPaper\app.py", line 1327, in capture_frames
    instruction_text = state['instructions'][current_step]
UnboundLocalError: local variable 'state' referenced before assignment
2025-11-25 00:29:30,287 - ERROR - Error in capture_frames: local variable 'state' referenced before assignment
Traceback (most recent call last):
  File "D:\SwinCode\Sem7\COS30082---FinalNPaper\app.py", line 1327, in capture_frames
    instruction_text = state['instructions'][current_step]
UnboundLocalError: local variable 'state' referenced before assignment
2025-11-25 00:29:30,411 - ERROR - Error in capture_frames: local variable 'state' referenced before assignment
Traceback (most recent call last):
  File "D:\SwinCode\Sem7\COS30082---FinalNPaper\app.py", line 1327, in capture_frames
    instruction_text = state['instructions'][current_step]
UnboundLocalError: local variable 'state' referenced before assignment
2025-11-25 00:29:30,520 - ERROR - Error in capture_frames: local variable 'state' referenced before assignment
Traceback (most recent call last):
  File "D:\SwinCode\Sem7\COS30082---FinalNPaper\app.py", line 1327, in capture_frames
    instruction_text = state['instructions'][current_step]
UnboundLocalError: local variable 'state' referenced before assignment
2025-11-25 00:29:30,631 - ERROR - Error in capture_frames: local variable 'state' referenced before assignment
Traceback (most recent call last):
  File "D:\SwinCode\Sem7\COS30082---FinalNPaper\app.py", line 1327, in capture_frames
    instruction_text = state['instructions'][current_step]
UnboundLocalError: local variable 'state' referenced before assignment
2025-11-25 00:29:30,742 - ERROR - Error in capture_frames: local variable 'state' referenced before assignment
Traceback (most recent call last):
  File "D:\SwinCode\Sem7\COS30082---FinalNPaper\app.py", line 1327, in capture_frames
    instruction_text = state['instructions'][current_step]
UnboundLocalError: local variable 'state' referenced before assignment
2025-11-25 00:29:30,851 - ERROR - Error in capture_frames: local variable 'state' referenced before assignment
Traceback (most recent call last):
  File "D:\SwinCode\Sem7\COS30082---FinalNPaper\app.py", line 1327, in capture_frames
    instruction_text = state['instructions'][current_step]
UnboundLocalError: local variable 'state' referenced before assignment
2025-11-25 00:29:30,961 - ERROR - Error in capture_frames: local variable 'state' referenced before assignment
Traceback (most recent call last):
  File "D:\SwinCode\Sem7\COS30082---FinalNPaper\app.py", line 1327, in capture_frames
    instruction_text = state['instructions'][current_step]
UnboundLocalError: local variable 'state' referenced before assignment
2025-11-25 00:29:31,070 - ERROR - Error in capture_frames: local variable 'state' referenced before assignment
Traceback (most recent call last):
  File "D:\SwinCode\Sem7\COS30082---FinalNPaper\app.py", line 1327, in capture_frames
    instruction_text = state['instructions'][current_step]
UnboundLocalError: local variable 'state' referenced before assignment
2025-11-25 00:29:31,181 - ERROR - Error in capture_frames: local variable 'state' referenced before assignment
Traceback (most recent call last):
  File "D:\SwinCode\Sem7\COS30082---FinalNPaper\app.py", line 1327, in capture_frames
    instruction_text = state['instructions'][current_step]
UnboundLocalError: local variable 'state' referenced before assignment
2025-11-25 00:29:31,291 - ERROR - Error in capture_frames: local variable 'state' referenced before assignment
Traceback (most recent call last):
  File "D:\SwinCode\Sem7\COS30082---FinalNPaper\app.py", line 1327, in capture_frames
    instruction_text = state['instructions'][current_step]
UnboundLocalError: local variable 'state' referenced before assignment
2025-11-25 00:29:31,401 - ERROR - Error in capture_frames: local variable 'state' referenced before assignment
Traceback (most recent call last):
  File "D:\SwinCode\Sem7\COS30082---FinalNPaper\app.py", line 1327, in capture_frames
    instruction_text = state['instructions'][current_step]
UnboundLocalError: local variable 'state' referenced before assignment
2025-11-25 00:29:31,511 - ERROR - Error in capture_frames: local variable 'state' referenced before assignment
Traceback (most recent call last):
  File "D:\SwinCode\Sem7\COS30082---FinalNPaper\app.py", line 1327, in capture_frames
    instruction_text = state['instructions'][current_step]
UnboundLocalError: local variable 'state' referenced before assignment
2025-11-25 00:29:31,621 - ERROR - Error in capture_frames: local variable 'state' referenced before assignment
Traceback (most recent call last):
  File "D:\SwinCode\Sem7\COS30082---FinalNPaper\app.py", line 1327, in capture_frames
    instruction_text = state['instructions'][current_step]
UnboundLocalError: local variable 'state' referenced before assignment
2025-11-25 00:29:31,731 - ERROR - Error in capture_frames: local variable 'state' referenced before assignment
Traceback (most recent call last):
  File "D:\SwinCode\Sem7\COS30082---FinalNPaper\app.py", line 1327, in capture_frames
    instruction_text = state['instructions'][current_step]
UnboundLocalError: local variable 'state' referenced before assignment
2025-11-25 00:29:31,841 - ERROR - Error in capture_frames: local variable 'state' referenced before assignment
Traceback (most recent call last):
  File "D:\SwinCode\Sem7\COS30082---FinalNPaper\app.py", line 1327, in capture_frames
    instruction_text = state['instructions'][current_step]
UnboundLocalError: local variable 'state' referenced before assignment
2025-11-25 00:29:31,951 - ERROR - Error in capture_frames: local variable 'state' referenced before assignment
Traceback (most recent call last):
  File "D:\SwinCode\Sem7\COS30082---FinalNPaper\app.py", line 1327, in capture_frames
    instruction_text = state['instructions'][current_step]
UnboundLocalError: local variable 'state' referenced before assignment
2025-11-25 00:29:32,062 - ERROR - Error in capture_frames: local variable 'state' referenced before assignment
Traceback (most recent call last):
  File "D:\SwinCode\Sem7\COS30082---FinalNPaper\app.py", line 1327, in capture_frames
    instruction_text = state['instructions'][current_step]
UnboundLocalError: local variable 'state' referenced before assignment
2025-11-25 00:29:32,185 - ERROR - Error in capture_frames: local variable 'state' referenced before assignment
Traceback (most recent call last):
  File "D:\SwinCode\Sem7\COS30082---FinalNPaper\app.py", line 1327, in capture_frames
    instruction_text = state['instructions'][current_step]
UnboundLocalError: local variable 'state' referenced before assignment
2025-11-25 00:29:32,294 - ERROR - Error in capture_frames: local variable 'state' referenced before assignment
Traceback (most recent call last):
  File "D:\SwinCode\Sem7\COS30082---FinalNPaper\app.py", line 1327, in capture_frames
    instruction_text = state['instructions'][current_step]
UnboundLocalError: local variable 'state' referenced before assignment
2025-11-25 00:29:32,418 - ERROR - Error in capture_frames: local variable 'state' referenced before assignment
Traceback (most recent call last):
  File "D:\SwinCode\Sem7\COS30082---FinalNPaper\app.py", line 1327, in capture_frames
    instruction_text = state['instructions'][current_step]
UnboundLocalError: local variable 'state' referenced before assignment
2025-11-25 00:29:32,529 - ERROR - Error in capture_frames: local variable 'state' referenced before assignment
Traceback (most recent call last):
  File "D:\SwinCode\Sem7\COS30082---FinalNPaper\app.py", line 1327, in capture_frames
    instruction_text = state['instructions'][current_step]
UnboundLocalError: local variable 'state' referenced before assignment
2025-11-25 00:29:32,639 - ERROR - Error in capture_frames: local variable 'state' referenced before assignment
Traceback (most recent call last):
  File "D:\SwinCode\Sem7\COS30082---FinalNPaper\app.py", line 1327, in capture_frames
    instruction_text = state['instructions'][current_step]
UnboundLocalError: local variable 'state' referenced before assignment
2025-11-25 00:29:32,748 - ERROR - Error in capture_frames: local variable 'state' referenced before assignment
Traceback (most recent call last):
  File "D:\SwinCode\Sem7\COS30082---FinalNPaper\app.py", line 1327, in capture_frames
    instruction_text = state['instructions'][current_step]
UnboundLocalError: local variable 'state' referenced before assignment
2025-11-25 00:29:32,857 - ERROR - Error in capture_frames: local variable 'state' referenced before assignment
Traceback (most recent call last):
  File "D:\SwinCode\Sem7\COS30082---FinalNPaper\app.py", line 1327, in capture_frames
    instruction_text = state['instructions'][current_step]
UnboundLocalError: local variable 'state' referenced before assignment
2025-11-25 00:29:32,982 - ERROR - Error in capture_frames: local variable 'state' referenced before assignment
Traceback (most recent call last):
  File "D:\SwinCode\Sem7\COS30082---FinalNPaper\app.py", line 1327, in capture_frames
    instruction_text = state['instructions'][current_step]
UnboundLocalError: local variable 'state' referenced before assignment
2025-11-25 00:29:33,091 - ERROR - Error in capture_frames: local variable 'state' referenced before assignment
Traceback (most recent call last):
  File "D:\SwinCode\Sem7\COS30082---FinalNPaper\app.py", line 1327, in capture_frames
    instruction_text = state['instructions'][current_step]
UnboundLocalError: local variable 'state' referenced before assignment
2025-11-25 00:29:33,200 - ERROR - Error in capture_frames: local variable 'state' referenced before assignment
Traceback (most recent call last):
  File "D:\SwinCode\Sem7\COS30082---FinalNPaper\app.py", line 1327, in capture_frames
    instruction_text = state['instructions'][current_step]
UnboundLocalError: local variable 'state' referenced before assignment
2025-11-25 00:29:33,311 - ERROR - Error in capture_frames: local variable 'state' referenced before assignment
Traceback (most recent call last):
  File "D:\SwinCode\Sem7\COS30082---FinalNPaper\app.py", line 1327, in capture_frames
    instruction_text = state['instructions'][current_step]
UnboundLocalError: local variable 'state' referenced before assignment
2025-11-25 00:29:33,435 - ERROR - Error in capture_frames: local variable 'state' referenced before assignment
Traceback (most recent call last):
  File "D:\SwinCode\Sem7\COS30082---FinalNPaper\app.py", line 1327, in capture_frames
    instruction_text = state['instructions'][current_step]
UnboundLocalError: local variable 'state' referenced before assignment
2025-11-25 00:29:33,544 - ERROR - Error in capture_frames: local variable 'state' referenced before assignment
Traceback (most recent call last):
  File "D:\SwinCode\Sem7\COS30082---FinalNPaper\app.py", line 1327, in capture_frames
    instruction_text = state['instructions'][current_step]
UnboundLocalError: local variable 'state' referenced before assignment
2025-11-25 00:29:33,655 - ERROR - Error in capture_frames: local variable 'state' referenced before assignment
Traceback (most recent call last):
  File "D:\SwinCode\Sem7\COS30082---FinalNPaper\app.py", line 1327, in capture_frames
    instruction_text = state['instructions'][current_step]
UnboundLocalError: local variable 'state' referenced before assignment
2025-11-25 00:29:33,779 - ERROR - Error in capture_frames: local variable 'state' referenced before assignment
Traceback (most recent call last):
  File "D:\SwinCode\Sem7\COS30082---FinalNPaper\app.py", line 1327, in capture_frames
    instruction_text = state['instructions'][current_step]
UnboundLocalError: local variable 'state' referenced before assignment
2025-11-25 00:29:33,903 - ERROR - Error in capture_frames: local variable 'state' referenced before assignment
Traceback (most recent call last):
  File "D:\SwinCode\Sem7\COS30082---FinalNPaper\app.py", line 1327, in capture_frames
    instruction_text = state['instructions'][current_step]
UnboundLocalError: local variable 'state' referenced before assignment
2025-11-25 00:29:34,012 - ERROR - Error in capture_frames: local variable 'state' referenced before assignment
Traceback (most recent call last):
  File "D:\SwinCode\Sem7\COS30082---FinalNPaper\app.py", line 1327, in capture_frames
    instruction_text = state['instructions'][current_step]
UnboundLocalError: local variable 'state' referenced before assignment
2025-11-25 00:29:34,123 - ERROR - Error in capture_frames: local variable 'state' referenced before assignment
Traceback (most recent call last):
  File "D:\SwinCode\Sem7\COS30082---FinalNPaper\app.py", line 1327, in capture_frames
    instruction_text = state['instructions'][current_step]
UnboundLocalError: local variable 'state' referenced before assignment
2025-11-25 00:29:34,246 - ERROR - Error in capture_frames: local variable 'state' referenced before assignment
Traceback (most recent call last):
  File "D:\SwinCode\Sem7\COS30082---FinalNPaper\app.py", line 1327, in capture_frames
    instruction_text = state['instructions'][current_step]
UnboundLocalError: local variable 'state' referenced before assignment
2025-11-25 00:29:34,371 - ERROR - Error in capture_frames: local variable 'state' referenced before assignment
Traceback (most recent call last):
  File "D:\SwinCode\Sem7\COS30082---FinalNPaper\app.py", line 1327, in capture_frames
    instruction_text = state['instructions'][current_step]
UnboundLocalError: local variable 'state' referenced before assignment
2025-11-25 00:29:34,495 - ERROR - Error in capture_frames: local variable 'state' referenced before assignment
Traceback (most recent call last):
  File "D:\SwinCode\Sem7\COS30082---FinalNPaper\app.py", line 1327, in capture_frames
    instruction_text = state['instructions'][current_step]
UnboundLocalError: local variable 'state' referenced before assignment
2025-11-25 00:29:34,619 - ERROR - Error in capture_frames: local variable 'state' referenced before assignment
Traceback (most recent call last):
  File "D:\SwinCode\Sem7\COS30082---FinalNPaper\app.py", line 1327, in capture_frames
    instruction_text = state['instructions'][current_step]
UnboundLocalError: local variable 'state' referenced before assignment
2025-11-25 00:29:34,730 - ERROR - Error in capture_frames: local variable 'state' referenced before assignment
Traceback (most recent call last):
  File "D:\SwinCode\Sem7\COS30082---FinalNPaper\app.py", line 1327, in capture_frames
    instruction_text = state['instructions'][current_step]
UnboundLocalError: local variable 'state' referenced before assignment
2025-11-25 00:29:34,841 - ERROR - Error in capture_frames: local variable 'state' referenced before assignment
Traceback (most recent call last):
  File "D:\SwinCode\Sem7\COS30082---FinalNPaper\app.py", line 1327, in capture_frames
    instruction_text = state['instructions'][current_step]
UnboundLocalError: local variable 'state' referenced before assignment
2025-11-25 00:29:34,952 - ERROR - Error in capture_frames: local variable 'state' referenced before assignment
Traceback (most recent call last):
  File "D:\SwinCode\Sem7\COS30082---FinalNPaper\app.py", line 1327, in capture_frames
    instruction_text = state['instructions'][current_step]
UnboundLocalError: local variable 'state' referenced before assignment
2025-11-25 00:29:35,063 - ERROR - Error in capture_frames: local variable 'state' referenced before assignment
Traceback (most recent call last):
  File "D:\SwinCode\Sem7\COS30082---FinalNPaper\app.py", line 1327, in capture_frames
    instruction_text = state['instructions'][current_step]
UnboundLocalError: local variable 'state' referenced before assignment
2025-11-25 00:29:35,561 - ERROR - Error in capture_frames: local variable 'state' referenced before assignment
Traceback (most recent call last):
  File "D:\SwinCode\Sem7\COS30082---FinalNPaper\app.py", line 1327, in capture_frames
    instruction_text = state['instructions'][current_step]
UnboundLocalError: local variable 'state' referenced before assignment
2025-11-25 00:29:35,678 - ERROR - Error in capture_frames: local variable 'state' referenced before assignment
Traceback (most recent call last):
  File "D:\SwinCode\Sem7\COS30082---FinalNPaper\app.py", line 1327, in capture_frames
    instruction_text = state['instructions'][current_step]
UnboundLocalError: local variable 'state' referenced before assignment
2025-11-25 00:29:35,801 - ERROR - Error in capture_frames: local variable 'state' referenced before assignment
Traceback (most recent call last):
  File "D:\SwinCode\Sem7\COS30082---FinalNPaper\app.py", line 1327, in capture_frames
    instruction_text = state['instructions'][current_step]
UnboundLocalError: local variable 'state' referenced before assignment
2025-11-25 00:29:35,912 - ERROR - Error in capture_frames: local variable 'state' referenced before assignment
Traceback (most recent call last):
  File "D:\SwinCode\Sem7\COS30082---FinalNPaper\app.py", line 1327, in capture_frames
    instruction_text = state['instructions'][current_step]
UnboundLocalError: local variable 'state' referenced before assignment
2025-11-25 00:29:36,022 - ERROR - Error in capture_frames: local variable 'state' referenced before assignment
Traceback (most recent call last):
  File "D:\SwinCode\Sem7\COS30082---FinalNPaper\app.py", line 1327, in capture_frames
    instruction_text = state['instructions'][current_step]
UnboundLocalError: local variable 'state' referenced before assignment
2025-11-25 00:29:36,133 - ERROR - Error in capture_frames: local variable 'state' referenced before assignment
Traceback (most recent call last):
  File "D:\SwinCode\Sem7\COS30082---FinalNPaper\app.py", line 1327, in capture_frames
    instruction_text = state['instructions'][current_step]
UnboundLocalError: local variable 'state' referenced before assignment
2025-11-25 00:29:36,256 - ERROR - Error in capture_frames: local variable 'state' referenced before assignment
Traceback (most recent call last):
  File "D:\SwinCode\Sem7\COS30082---FinalNPaper\app.py", line 1327, in capture_frames
    instruction_text = state['instructions'][current_step]
UnboundLocalError: local variable 'state' referenced before assignment
2025-11-25 00:29:36,382 - ERROR - Error in capture_frames: local variable 'state' referenced before assignment
Traceback (most recent call last):
  File "D:\SwinCode\Sem7\COS30082---FinalNPaper\app.py", line 1327, in capture_frames
    instruction_text = state['instructions'][current_step]
UnboundLocalError: local variable 'state' referenced before assignment
2025-11-25 00:29:36,491 - ERROR - Error in capture_frames: local variable 'state' referenced before assignment
Traceback (most recent call last):
  File "D:\SwinCode\Sem7\COS30082---FinalNPaper\app.py", line 1327, in capture_frames
    instruction_text = state['instructions'][current_step]
UnboundLocalError: local variable 'state' referenced before assignment
2025-11-25 00:29:36,602 - ERROR - Error in capture_frames: local variable 'state' referenced before assignment
Traceback (most recent call last):
  File "D:\SwinCode\Sem7\COS30082---FinalNPaper\app.py", line 1327, in capture_frames
    instruction_text = state['instructions'][current_step]
UnboundLocalError: local variable 'state' referenced before assignment
2025-11-25 00:29:36,712 - ERROR - Error in capture_frames: local variable 'state' referenced before assignment
Traceback (most recent call last):
  File "D:\SwinCode\Sem7\COS30082---FinalNPaper\app.py", line 1327, in capture_frames
    instruction_text = state['instructions'][current_step]
UnboundLocalError: local variable 'state' referenced before assignment
2025-11-25 00:29:36,822 - ERROR - Error in capture_frames: local variable 'state' referenced before assignment
Traceback (most recent call last):
  File "D:\SwinCode\Sem7\COS30082---FinalNPaper\app.py", line 1327, in capture_frames
    instruction_text = state['instructions'][current_step]
UnboundLocalError: local variable 'state' referenced before assignment
2025-11-25 00:29:36,934 - ERROR - Error in capture_frames: local variable 'state' referenced before assignment
Traceback (most recent call last):
  File "D:\SwinCode\Sem7\COS30082---FinalNPaper\app.py", line 1327, in capture_frames
    instruction_text = state['instructions'][current_step]
UnboundLocalError: local variable 'state' referenced before assignment
2025-11-25 00:29:37,044 - ERROR - Error in capture_frames: local variable 'state' referenced before assignment
Traceback (most recent call last):
  File "D:\SwinCode\Sem7\COS30082---FinalNPaper\app.py", line 1327, in capture_frames
    instruction_text = state['instructions'][current_step]
UnboundLocalError: local variable 'state' referenced before assignment
2025-11-25 00:29:37,152 - ERROR - Error in capture_frames: local variable 'state' referenced before assignment
Traceback (most recent call last):
  File "D:\SwinCode\Sem7\COS30082---FinalNPaper\app.py", line 1327, in capture_frames
    instruction_text = state['instructions'][current_step]
UnboundLocalError: local variable 'state' referenced before assignment
2025-11-25 00:29:37,263 - ERROR - Error in capture_frames: local variable 'state' referenced before assignment
Traceback (most recent call last):
  File "D:\SwinCode\Sem7\COS30082---FinalNPaper\app.py", line 1327, in capture_frames
    instruction_text = state['instructions'][current_step]
UnboundLocalError: local variable 'state' referenced before assignment
2025-11-25 00:29:37,386 - ERROR - Error in capture_frames: local variable 'state' referenced before assignment
Traceback (most recent call last):
  File "D:\SwinCode\Sem7\COS30082---FinalNPaper\app.py", line 1327, in capture_frames
    instruction_text = state['instructions'][current_step]
UnboundLocalError: local variable 'state' referenced before assignment
2025-11-25 00:29:37,497 - ERROR - Error in capture_frames: local variable 'state' referenced before assignment
Traceback (most recent call last):
  File "D:\SwinCode\Sem7\COS30082---FinalNPaper\app.py", line 1327, in capture_frames
    instruction_text = state['instructions'][current_step]
UnboundLocalError: local variable 'state' referenced before assignment
2025-11-25 00:29:37,606 - ERROR - Error in capture_frames: local variable 'state' referenced before assignment
Traceback (most recent call last):
  File "D:\SwinCode\Sem7\COS30082---FinalNPaper\app.py", line 1327, in capture_frames
    instruction_text = state['instructions'][current_step]
UnboundLocalError: local variable 'state' referenced before assignment
2025-11-25 00:29:37,721 - ERROR - Error in capture_frames: local variable 'state' referenced before assignment
Traceback (most recent call last):
  File "D:\SwinCode\Sem7\COS30082---FinalNPaper\app.py", line 1327, in capture_frames
    instruction_text = state['instructions'][current_step]
UnboundLocalError: local variable 'state' referenced before assignment
2025-11-25 00:29:37,842 - ERROR - Error in capture_frames: local variable 'state' referenced before assignment
Traceback (most recent call last):
  File "D:\SwinCode\Sem7\COS30082---FinalNPaper\app.py", line 1327, in capture_frames
    instruction_text = state['instructions'][current_step]
UnboundLocalError: local variable 'state' referenced before assignment
2025-11-25 00:29:37,951 - ERROR - Error in capture_frames: local variable 'state' referenced before assignment
Traceback (most recent call last):
  File "D:\SwinCode\Sem7\COS30082---FinalNPaper\app.py", line 1327, in capture_frames
    instruction_text = state['instructions'][current_step]
UnboundLocalError: local variable 'state' referenced before assignment
2025-11-25 00:29:38,061 - ERROR - Error in capture_frames: local variable 'state' referenced before assignment
Traceback (most recent call last):
  File "D:\SwinCode\Sem7\COS30082---FinalNPaper\app.py", line 1327, in capture_frames
    instruction_text = state['instructions'][current_step]
UnboundLocalError: local variable 'state' referenced before assignment
2025-11-25 00:29:38,172 - ERROR - Error in capture_frames: local variable 'state' referenced before assignment
Traceback (most recent call last):
  File "D:\SwinCode\Sem7\COS30082---FinalNPaper\app.py", line 1327, in capture_frames
    instruction_text = state['instructions'][current_step]
UnboundLocalError: local variable 'state' referenced before assignment
2025-11-25 00:29:38,281 - ERROR - Error in capture_frames: local variable 'state' referenced before assignment
Traceback (most recent call last):
  File "D:\SwinCode\Sem7\COS30082---FinalNPaper\app.py", line 1327, in capture_frames
    instruction_text = state['instructions'][current_step]
UnboundLocalError: local variable 'state' referenced before assignment
2025-11-25 00:29:38,395 - ERROR - Error in capture_frames: local variable 'state' referenced before assignment
Traceback (most recent call last):
  File "D:\SwinCode\Sem7\COS30082---FinalNPaper\app.py", line 1327, in capture_frames
    instruction_text = state['instructions'][current_step]
UnboundLocalError: local variable 'state' referenced before assignment
2025-11-25 00:29:38,518 - ERROR - Error in capture_frames: local variable 'state' referenced before assignment
Traceback (most recent call last):
  File "D:\SwinCode\Sem7\COS30082---FinalNPaper\app.py", line 1327, in capture_frames
    instruction_text = state['instructions'][current_step]
UnboundLocalError: local variable 'state' referenced before assignment
2025-11-25 00:29:38,629 - ERROR - Error in capture_frames: local variable 'state' referenced before assignment
Traceback (most recent call last):
  File "D:\SwinCode\Sem7\COS30082---FinalNPaper\app.py", line 1327, in capture_frames
    instruction_text = state['instructions'][current_step]
UnboundLocalError: local variable 'state' referenced before assignment
2025-11-25 00:29:38,739 - ERROR - Error in capture_frames: local variable 'state' referenced before assignment
Traceback (most recent call last):
  File "D:\SwinCode\Sem7\COS30082---FinalNPaper\app.py", line 1327, in capture_frames
    instruction_text = state['instructions'][current_step]
UnboundLocalError: local variable 'state' referenced before assignment
2025-11-25 00:29:38,847 - ERROR - Error in capture_frames: local variable 'state' referenced before assignment
Traceback (most recent call last):
  File "D:\SwinCode\Sem7\COS30082---FinalNPaper\app.py", line 1327, in capture_frames
    instruction_text = state['instructions'][current_step]
UnboundLocalError: local variable 'state' referenced before assignment
2025-11-25 00:29:38,957 - ERROR - Error in capture_frames: local variable 'state' referenced before assignment
Traceback (most recent call last):
  File "D:\SwinCode\Sem7\COS30082---FinalNPaper\app.py", line 1327, in capture_frames
    instruction_text = state['instructions'][current_step]
UnboundLocalError: local variable 'state' referenced before assignment
2025-11-25 00:29:39,068 - ERROR - Error in capture_frames: local variable 'state' referenced before assignment
Traceback (most recent call last):
  File "D:\SwinCode\Sem7\COS30082---FinalNPaper\app.py", line 1327, in capture_frames
    instruction_text = state['instructions'][current_step]
UnboundLocalError: local variable 'state' referenced before assignment
2025-11-25 00:29:39,194 - ERROR - Error in capture_frames: local variable 'state' referenced before assignment
Traceback (most recent call last):
  File "D:\SwinCode\Sem7\COS30082---FinalNPaper\app.py", line 1327, in capture_frames
    instruction_text = state['instructions'][current_step]
UnboundLocalError: local variable 'state' referenced before assignment
2025-11-25 00:29:39,320 - ERROR - Error in capture_frames: local variable 'state' referenced before assignment
Traceback (most recent call last):
  File "D:\SwinCode\Sem7\COS30082---FinalNPaper\app.py", line 1327, in capture_frames
    instruction_text = state['instructions'][current_step]
UnboundLocalError: local variable 'state' referenced before assignment
2025-11-25 00:29:39,439 - ERROR - Error in capture_frames: local variable 'state' referenced before assignment
Traceback (most recent call last):
  File "D:\SwinCode\Sem7\COS30082---FinalNPaper\app.py", line 1327, in capture_frames
    instruction_text = state['instructions'][current_step]
UnboundLocalError: local variable 'state' referenced before assignment
2025-11-25 00:29:39,548 - ERROR - Error in capture_frames: local variable 'state' referenced before assignment
Traceback (most recent call last):
  File "D:\SwinCode\Sem7\COS30082---FinalNPaper\app.py", line 1327, in capture_frames
    instruction_text = state['instructions'][current_step]
UnboundLocalError: local variable 'state' referenced before assignment
2025-11-25 00:29:39,657 - ERROR - Error in capture_frames: local variable 'state' referenced before assignment
Traceback (most recent call last):
  File "D:\SwinCode\Sem7\COS30082---FinalNPaper\app.py", line 1327, in capture_frames
    instruction_text = state['instructions'][current_step]
UnboundLocalError: local variable 'state' referenced before assignment
2025-11-25 00:29:39,766 - ERROR - Error in capture_frames: local variable 'state' referenced before assignment
Traceback (most recent call last):
  File "D:\SwinCode\Sem7\COS30082---FinalNPaper\app.py", line 1327, in capture_frames
    instruction_text = state['instructions'][current_step]
UnboundLocalError: local variable 'state' referenced before assignment
2025-11-25 00:29:39,878 - ERROR - Error in capture_frames: local variable 'state' referenced before assignment
Traceback (most recent call last):
  File "D:\SwinCode\Sem7\COS30082---FinalNPaper\app.py", line 1327, in capture_frames
    instruction_text = state['instructions'][current_step]
UnboundLocalError: local variable 'state' referenced before assignment
2025-11-25 00:29:39,988 - ERROR - Error in capture_frames: local variable 'state' referenced before assignment
Traceback (most recent call last):
  File "D:\SwinCode\Sem7\COS30082---FinalNPaper\app.py", line 1327, in capture_frames
    instruction_text = state['instructions'][current_step]
UnboundLocalError: local variable 'state' referenced before assignment
2025-11-25 00:29:40,112 - ERROR - Error in capture_frames: local variable 'state' referenced before assignment
Traceback (most recent call last):
  File "D:\SwinCode\Sem7\COS30082---FinalNPaper\app.py", line 1327, in capture_frames
    instruction_text = state['instructions'][current_step]
UnboundLocalError: local variable 'state' referenced before assignment
2025-11-25 00:29:40,222 - ERROR - Error in capture_frames: local variable 'state' referenced before assignment
Traceback (most recent call last):
  File "D:\SwinCode\Sem7\COS30082---FinalNPaper\app.py", line 1327, in capture_frames
    instruction_text = state['instructions'][current_step]
UnboundLocalError: local variable 'state' referenced before assignment
2025-11-25 00:29:40,334 - ERROR - Error in capture_frames: local variable 'state' referenced before assignment
Traceback (most recent call last):
  File "D:\SwinCode\Sem7\COS30082---FinalNPaper\app.py", line 1327, in capture_frames
    instruction_text = state['instructions'][current_step]
UnboundLocalError: local variable 'state' referenced before assignment
2025-11-25 00:29:40,444 - ERROR - Error in capture_frames: local variable 'state' referenced before assignment
Traceback (most recent call last):
  File "D:\SwinCode\Sem7\COS30082---FinalNPaper\app.py", line 1327, in capture_frames
    instruction_text = state['instructions'][current_step]
UnboundLocalError: local variable 'state' referenced before assignment
2025-11-25 00:29:40,554 - ERROR - Error in capture_frames: local variable 'state' referenced before assignment
Traceback (most recent call last):
  File "D:\SwinCode\Sem7\COS30082---FinalNPaper\app.py", line 1327, in capture_frames
    instruction_text = state['instructions'][current_step]
UnboundLocalError: local variable 'state' referenced before assignment
2025-11-25 00:29:40,665 - ERROR - Error in capture_frames: local variable 'state' referenced before assignment
Traceback (most recent call last):
  File "D:\SwinCode\Sem7\COS30082---FinalNPaper\app.py", line 1327, in capture_frames
    instruction_text = state['instructions'][current_step]
UnboundLocalError: local variable 'state' referenced before assignment
2025-11-25 00:29:40,775 - ERROR - Error in capture_frames: local variable 'state' referenced before assignment
Traceback (most recent call last):
  File "D:\SwinCode\Sem7\COS30082---FinalNPaper\app.py", line 1327, in capture_frames
    instruction_text = state['instructions'][current_step]
UnboundLocalError: local variable 'state' referenced before assignment
2025-11-25 00:29:40,885 - ERROR - Error in capture_frames: local variable 'state' referenced before assignment
Traceback (most recent call last):
  File "D:\SwinCode\Sem7\COS30082---FinalNPaper\app.py", line 1327, in capture_frames
    instruction_text = state['instructions'][current_step]
UnboundLocalError: local variable 'state' referenced before assignment
2025-11-25 00:29:40,993 - ERROR - Error in capture_frames: local variable 'state' referenced before assignment
Traceback (most recent call last):
  File "D:\SwinCode\Sem7\COS30082---FinalNPaper\app.py", line 1327, in capture_frames
    instruction_text = state['instructions'][current_step]
UnboundLocalError: local variable 'state' referenced before assignment
2025-11-25 00:29:41,105 - ERROR - Error in capture_frames: local variable 'state' referenced before assignment
Traceback (most recent call last):
  File "D:\SwinCode\Sem7\COS30082---FinalNPaper\app.py", line 1327, in capture_frames
    instruction_text = state['instructions'][current_step]
UnboundLocalError: local variable 'state' referenced before assignment
2025-11-25 00:29:41,228 - ERROR - Error in capture_frames: local variable 'state' referenced before assignment
Traceback (most recent call last):
  File "D:\SwinCode\Sem7\COS30082---FinalNPaper\app.py", line 1327, in capture_frames
    instruction_text = state['instructions'][current_step]
UnboundLocalError: local variable 'state' referenced before assignment
2025-11-25 00:29:41,352 - ERROR - Error in capture_frames: local variable 'state' referenced before assignment
Traceback (most recent call last):
  File "D:\SwinCode\Sem7\COS30082---FinalNPaper\app.py", line 1327, in capture_frames
    instruction_text = state['instructions'][current_step]
UnboundLocalError: local variable 'state' referenced before assignment
2025-11-25 00:29:41,462 - ERROR - Error in capture_frames: local variable 'state' referenced before assignment
Traceback (most recent call last):
  File "D:\SwinCode\Sem7\COS30082---FinalNPaper\app.py", line 1327, in capture_frames
    instruction_text = state['instructions'][current_step]
UnboundLocalError: local variable 'state' referenced before assignment
2025-11-25 00:29:41,572 - ERROR - Error in capture_frames: local variable 'state' referenced before assignment
Traceback (most recent call last):
  File "D:\SwinCode\Sem7\COS30082---FinalNPaper\app.py", line 1327, in capture_frames
    instruction_text = state['instructions'][current_step]
UnboundLocalError: local variable 'state' referenced before assignment
2025-11-25 00:29:41,684 - ERROR - Error in capture_frames: local variable 'state' referenced before assignment
Traceback (most recent call last):
  File "D:\SwinCode\Sem7\COS30082---FinalNPaper\app.py", line 1327, in capture_frames
    instruction_text = state['instructions'][current_step]
UnboundLocalError: local variable 'state' referenced before assignment
2025-11-25 00:29:41,809 - ERROR - Error in capture_frames: local variable 'state' referenced before assignment
Traceback (most recent call last):
  File "D:\SwinCode\Sem7\COS30082---FinalNPaper\app.py", line 1327, in capture_frames
    instruction_text = state['instructions'][current_step]
UnboundLocalError: local variable 'state' referenced before assignment
2025-11-25 00:29:41,918 - ERROR - Error in capture_frames: local variable 'state' referenced before assignment
Traceback (most recent call last):
  File "D:\SwinCode\Sem7\COS30082---FinalNPaper\app.py", line 1327, in capture_frames
    instruction_text = state['instructions'][current_step]
UnboundLocalError: local variable 'state' referenced before assignment
2025-11-25 00:29:42,029 - ERROR - Error in capture_frames: local variable 'state' referenced before assignment
Traceback (most recent call last):
  File "D:\SwinCode\Sem7\COS30082---FinalNPaper\app.py", line 1327, in capture_frames
    instruction_text = state['instructions'][current_step]
UnboundLocalError: local variable 'state' referenced before assignment
2025-11-25 00:29:42,139 - ERROR - Error in capture_frames: local variable 'state' referenced before assignment
Traceback (most recent call last):
  File "D:\SwinCode\Sem7\COS30082---FinalNPaper\app.py", line 1327, in capture_frames
    instruction_text = state['instructions'][current_step]
UnboundLocalError: local variable 'state' referenced before assignment
2025-11-25 00:29:42,249 - ERROR - Error in capture_frames: local variable 'state' referenced before assignment
Traceback (most recent call last):
  File "D:\SwinCode\Sem7\COS30082---FinalNPaper\app.py", line 1327, in capture_frames
    instruction_text = state['instructions'][current_step]
UnboundLocalError: local variable 'state' referenced before assignment
2025-11-25 00:29:42,373 - ERROR - Error in capture_frames: local variable 'state' referenced before assignment
Traceback (most recent call last):
  File "D:\SwinCode\Sem7\COS30082---FinalNPaper\app.py", line 1327, in capture_frames
    instruction_text = state['instructions'][current_step]
UnboundLocalError: local variable 'state' referenced before assignment
2025-11-25 00:29:42,483 - ERROR - Error in capture_frames: local variable 'state' referenced before assignment
Traceback (most recent call last):
  File "D:\SwinCode\Sem7\COS30082---FinalNPaper\app.py", line 1327, in capture_frames
    instruction_text = state['instructions'][current_step]
UnboundLocalError: local variable 'state' referenced before assignment
2025-11-25 00:29:42,595 - ERROR - Error in capture_frames: local variable 'state' referenced before assignment
Traceback (most recent call last):
  File "D:\SwinCode\Sem7\COS30082---FinalNPaper\app.py", line 1327, in capture_frames
    instruction_text = state['instructions'][current_step]
UnboundLocalError: local variable 'state' referenced before assignment
2025-11-25 00:29:42,706 - ERROR - Error in capture_frames: local variable 'state' referenced before assignment
Traceback (most recent call last):
  File "D:\SwinCode\Sem7\COS30082---FinalNPaper\app.py", line 1327, in capture_frames
    instruction_text = state['instructions'][current_step]
UnboundLocalError: local variable 'state' referenced before assignment
2025-11-25 00:29:42,816 - ERROR - Error in capture_frames: local variable 'state' referenced before assignment
Traceback (most recent call last):
  File "D:\SwinCode\Sem7\COS30082---FinalNPaper\app.py", line 1327, in capture_frames
    instruction_text = state['instructions'][current_step]
UnboundLocalError: local variable 'state' referenced before assignment
2025-11-25 00:29:42,926 - ERROR - Error in capture_frames: local variable 'state' referenced before assignment
Traceback (most recent call last):
  File "D:\SwinCode\Sem7\COS30082---FinalNPaper\app.py", line 1327, in capture_frames
    instruction_text = state['instructions'][current_step]
UnboundLocalError: local variable 'state' referenced before assignment
2025-11-25 00:29:43,038 - ERROR - Error in capture_frames: local variable 'state' referenced before assignment
Traceback (most recent call last):
  File "D:\SwinCode\Sem7\COS30082---FinalNPaper\app.py", line 1327, in capture_frames
    instruction_text = state['instructions'][current_step]
UnboundLocalError: local variable 'state' referenced before assignment
2025-11-25 00:29:43,148 - ERROR - Error in capture_frames: local variable 'state' referenced before assignment
Traceback (most recent call last):
  File "D:\SwinCode\Sem7\COS30082---FinalNPaper\app.py", line 1327, in capture_frames
    instruction_text = state['instructions'][current_step]
UnboundLocalError: local variable 'state' referenced before assignment
2025-11-25 00:29:43,257 - ERROR - Error in capture_frames: local variable 'state' referenced before assignment
Traceback (most recent call last):
  File "D:\SwinCode\Sem7\COS30082---FinalNPaper\app.py", line 1327, in capture_frames
    instruction_text = state['instructions'][current_step]
UnboundLocalError: local variable 'state' referenced before assignment
2025-11-25 00:29:43,366 - ERROR - Error in capture_frames: local variable 'state' referenced before assignment
Traceback (most recent call last):
  File "D:\SwinCode\Sem7\COS30082---FinalNPaper\app.py", line 1327, in capture_frames
    instruction_text = state['instructions'][current_step]
UnboundLocalError: local variable 'state' referenced before assignment
2025-11-25 00:29:43,477 - ERROR - Error in capture_frames: local variable 'state' referenced before assignment
Traceback (most recent call last):
  File "D:\SwinCode\Sem7\COS30082---FinalNPaper\app.py", line 1327, in capture_frames
    instruction_text = state['instructions'][current_step]
UnboundLocalError: local variable 'state' referenced before assignment
2025-11-25 00:29:43,600 - ERROR - Error in capture_frames: local variable 'state' referenced before assignment
Traceback (most recent call last):
  File "D:\SwinCode\Sem7\COS30082---FinalNPaper\app.py", line 1327, in capture_frames
    instruction_text = state['instructions'][current_step]
UnboundLocalError: local variable 'state' referenced before assignment
2025-11-25 00:29:43,711 - ERROR - Error in capture_frames: local variable 'state' referenced before assignment
Traceback (most recent call last):
  File "D:\SwinCode\Sem7\COS30082---FinalNPaper\app.py", line 1327, in capture_frames
    instruction_text = state['instructions'][current_step]
UnboundLocalError: local variable 'state' referenced before assignment
2025-11-25 00:29:43,822 - ERROR - Error in capture_frames: local variable 'state' referenced before assignment
Traceback (most recent call last):
  File "D:\SwinCode\Sem7\COS30082---FinalNPaper\app.py", line 1327, in capture_frames
    instruction_text = state['instructions'][current_step]
UnboundLocalError: local variable 'state' referenced before assignment
2025-11-25 00:29:43,932 - ERROR - Error in capture_frames: local variable 'state' referenced before assignment
Traceback (most recent call last):
  File "D:\SwinCode\Sem7\COS30082---FinalNPaper\app.py", line 1327, in capture_frames
    instruction_text = state['instructions'][current_step]
UnboundLocalError: local variable 'state' referenced before assignment
2025-11-25 00:29:44,042 - ERROR - Error in capture_frames: local variable 'state' referenced before assignment
Traceback (most recent call last):
  File "D:\SwinCode\Sem7\COS30082---FinalNPaper\app.py", line 1327, in capture_frames
    instruction_text = state['instructions'][current_step]
UnboundLocalError: local variable 'state' referenced before assignment
2025-11-25 00:29:44,154 - ERROR - Error in capture_frames: local variable 'state' referenced before assignment
Traceback (most recent call last):
  File "D:\SwinCode\Sem7\COS30082---FinalNPaper\app.py", line 1327, in capture_frames
    instruction_text = state['instructions'][current_step]
UnboundLocalError: local variable 'state' referenced before assignment
2025-11-25 00:29:44,277 - ERROR - Error in capture_frames: local variable 'state' referenced before assignment
Traceback (most recent call last):
  File "D:\SwinCode\Sem7\COS30082---FinalNPaper\app.py", line 1327, in capture_frames
    instruction_text = state['instructions'][current_step]
UnboundLocalError: local variable 'state' referenced before assignment
2025-11-25 00:29:44,389 - ERROR - Error in capture_frames: local variable 'state' referenced before assignment
Traceback (most recent call last):
  File "D:\SwinCode\Sem7\COS30082---FinalNPaper\app.py", line 1327, in capture_frames
    instruction_text = state['instructions'][current_step]
UnboundLocalError: local variable 'state' referenced before assignment
2025-11-25 00:29:44,499 - ERROR - Error in capture_frames: local variable 'state' referenced before assignment
Traceback (most recent call last):
  File "D:\SwinCode\Sem7\COS30082---FinalNPaper\app.py", line 1327, in capture_frames
    instruction_text = state['instructions'][current_step]
UnboundLocalError: local variable 'state' referenced before assignment
2025-11-25 00:29:44,609 - ERROR - Error in capture_frames: local variable 'state' referenced before assignment
Traceback (most recent call last):
  File "D:\SwinCode\Sem7\COS30082---FinalNPaper\app.py", line 1327, in capture_frames
    instruction_text = state['instructions'][current_step]
UnboundLocalError: local variable 'state' referenced before assignment
2025-11-25 00:29:44,719 - ERROR - Error in capture_frames: local variable 'state' referenced before assignment
Traceback (most recent call last):
  File "D:\SwinCode\Sem7\COS30082---FinalNPaper\app.py", line 1327, in capture_frames
    instruction_text = state['instructions'][current_step]
UnboundLocalError: local variable 'state' referenced before assignment
2025-11-25 00:29:44,831 - ERROR - Error in capture_frames: local variable 'state' referenced before assignment
Traceback (most recent call last):
  File "D:\SwinCode\Sem7\COS30082---FinalNPaper\app.py", line 1327, in capture_frames
    instruction_text = state['instructions'][current_step]
UnboundLocalError: local variable 'state' referenced before assignment
2025-11-25 00:29:44,942 - ERROR - Error in capture_frames: local variable 'state' referenced before assignment
Traceback (most recent call last):
  File "D:\SwinCode\Sem7\COS30082---FinalNPaper\app.py", line 1327, in capture_frames
    instruction_text = state['instructions'][current_step]
UnboundLocalError: local variable 'state' referenced before assignment
2025-11-25 00:29:45,053 - ERROR - Error in capture_frames: local variable 'state' referenced before assignment
Traceback (most recent call last):
  File "D:\SwinCode\Sem7\COS30082---FinalNPaper\app.py", line 1327, in capture_frames
    instruction_text = state['instructions'][current_step]
UnboundLocalError: local variable 'state' referenced before assignment
2025-11-25 00:29:45,178 - ERROR - Error in capture_frames: local variable 'state' referenced before assignment
Traceback (most recent call last):
  File "D:\SwinCode\Sem7\COS30082---FinalNPaper\app.py", line 1327, in capture_frames
    instruction_text = state['instructions'][current_step]
UnboundLocalError: local variable 'state' referenced before assignment
2025-11-25 00:29:45,303 - ERROR - Error in capture_frames: local variable 'state' referenced before assignment
Traceback (most recent call last):
  File "D:\SwinCode\Sem7\COS30082---FinalNPaper\app.py", line 1327, in capture_frames
    instruction_text = state['instructions'][current_step]
UnboundLocalError: local variable 'state' referenced before assignment
2025-11-25 00:29:45,412 - ERROR - Error in capture_frames: local variable 'state' referenced before assignment
Traceback (most recent call last):
  File "D:\SwinCode\Sem7\COS30082---FinalNPaper\app.py", line 1327, in capture_frames
    instruction_text = state['instructions'][current_step]
UnboundLocalError: local variable 'state' referenced before assignment
2025-11-25 00:29:45,525 - ERROR - Error in capture_frames: local variable 'state' referenced before assignment
Traceback (most recent call last):
  File "D:\SwinCode\Sem7\COS30082---FinalNPaper\app.py", line 1327, in capture_frames
    instruction_text = state['instructions'][current_step]
UnboundLocalError: local variable 'state' referenced before assignment
2025-11-25 00:29:45,648 - ERROR - Error in capture_frames: local variable 'state' referenced before assignment
Traceback (most recent call last):
  File "D:\SwinCode\Sem7\COS30082---FinalNPaper\app.py", line 1327, in capture_frames
    instruction_text = state['instructions'][current_step]
UnboundLocalError: local variable 'state' referenced before assignment
2025-11-25 00:29:45,757 - ERROR - Error in capture_frames: local variable 'state' referenced before assignment
Traceback (most recent call last):
  File "D:\SwinCode\Sem7\COS30082---FinalNPaper\app.py", line 1327, in capture_frames
    instruction_text = state['instructions'][current_step]
UnboundLocalError: local variable 'state' referenced before assignment
2025-11-25 00:29:45,882 - ERROR - Error in capture_frames: local variable 'state' referenced before assignment
Traceback (most recent call last):
  File "D:\SwinCode\Sem7\COS30082---FinalNPaper\app.py", line 1327, in capture_frames
    instruction_text = state['instructions'][current_step]
UnboundLocalError: local variable 'state' referenced before assignment
2025-11-25 00:29:45,992 - ERROR - Error in capture_frames: local variable 'state' referenced before assignment
Traceback (most recent call last):
  File "D:\SwinCode\Sem7\COS30082---FinalNPaper\app.py", line 1327, in capture_frames
    instruction_text = state['instructions'][current_step]
UnboundLocalError: local variable 'state' referenced before assignment
2025-11-25 00:29:46,103 - ERROR - Error in capture_frames: local variable 'state' referenced before assignment
Traceback (most recent call last):
  File "D:\SwinCode\Sem7\COS30082---FinalNPaper\app.py", line 1327, in capture_frames
    instruction_text = state['instructions'][current_step]
UnboundLocalError: local variable 'state' referenced before assignment
2025-11-25 00:29:46,213 - ERROR - Error in capture_frames: local variable 'state' referenced before assignment
Traceback (most recent call last):
  File "D:\SwinCode\Sem7\COS30082---FinalNPaper\app.py", line 1327, in capture_frames
    instruction_text = state['instructions'][current_step]
UnboundLocalError: local variable 'state' referenced before assignment
2025-11-25 00:29:46,337 - ERROR - Error in capture_frames: local variable 'state' referenced before assignment
Traceback (most recent call last):
  File "D:\SwinCode\Sem7\COS30082---FinalNPaper\app.py", line 1327, in capture_frames
    instruction_text = state['instructions'][current_step]
UnboundLocalError: local variable 'state' referenced before assignment
2025-11-25 00:29:46,447 - ERROR - Error in capture_frames: local variable 'state' referenced before assignment
Traceback (most recent call last):
  File "D:\SwinCode\Sem7\COS30082---FinalNPaper\app.py", line 1327, in capture_frames
    instruction_text = state['instructions'][current_step]
UnboundLocalError: local variable 'state' referenced before assignment
