nohup: ignoring input
/home/hieutran/Facial-Recognition-with-Emotion-Liveness-Detection/artifacts/scripts/train_mtl.py:615: FutureWarning: `torch.cuda.amp.GradScaler(args...)` is deprecated. Please use `torch.amp.GradScaler('cuda', args...)` instead.
  scaler = GradScaler() if config.USE_AMP else None

============================================================
MTL Training - Phase: LIVENESS
============================================================

Device: cuda
Tasks: ['liveness']
Epochs: 50
Learning Rate: 0.001
Batch Size: 128
Freeze Backbone: True

Backbone frozen
Trainable parameters: 1,161,769
LivenessDataset (train): 12270 samples
  Live: 6135, Spoof: 6135
LivenessDataset (test): 3068 samples
  Live: 1534, Spoof: 1534
Train batches: 95
Val batches: 12

Starting training from epoch 1...
------------------------------------------------------------
/home/hieutran/Facial-Recognition-with-Emotion-Liveness-Detection/artifacts/scripts/train_mtl.py:248: FutureWarning: `torch.cuda.amp.autocast(args...)` is deprecated. Please use `torch.amp.autocast('cuda', args...)` instead.
  with autocast():
Epoch 1/50 (22.1s)
  Train - Loss: 0.2667, Acc: 0.5074
  Val   - Loss: 0.1823, Acc: 0.5098
  → Saved new best model: /home/hieutran/Facial-Recognition-with-Emotion-Liveness-Detection/outputs/mtl/checkpoints/liveness_best.pth

Epoch 2/50 (23.1s)
  Train - Loss: 0.2396, Acc: 0.5155
  Val   - Loss: 0.1784, Acc: 0.5352
  → Saved new best model: /home/hieutran/Facial-Recognition-with-Emotion-Liveness-Detection/outputs/mtl/checkpoints/liveness_best.pth

Epoch 3/50 (22.5s)
  Train - Loss: 0.2249, Acc: 0.5228
  Val   - Loss: 0.1715, Acc: 0.5701
  → Saved new best model: /home/hieutran/Facial-Recognition-with-Emotion-Liveness-Detection/outputs/mtl/checkpoints/liveness_best.pth

Epoch 4/50 (22.5s)
  Train - Loss: 0.2056, Acc: 0.5312
  Val   - Loss: 0.1758, Acc: 0.5531

Epoch 5/50 (22.5s)
  Train - Loss: 0.1902, Acc: 0.5382
  Val   - Loss: 0.1688, Acc: 0.5828
  → Saved new best model: /home/hieutran/Facial-Recognition-with-Emotion-Liveness-Detection/outputs/mtl/checkpoints/liveness_best.pth

Epoch 6/50 (22.1s)
  Train - Loss: 0.1819, Acc: 0.5437
  Val   - Loss: 0.1708, Acc: 0.5652

Epoch 7/50 (21.1s)
  Train - Loss: 0.1772, Acc: 0.5480
  Val   - Loss: 0.1701, Acc: 0.5766

Epoch 8/50 (21.0s)
  Train - Loss: 0.1737, Acc: 0.5566
  Val   - Loss: 0.1687, Acc: 0.5759
  → Saved new best model: /home/hieutran/Facial-Recognition-with-Emotion-Liveness-Detection/outputs/mtl/checkpoints/liveness_best.pth

Epoch 9/50 (20.9s)
  Train - Loss: 0.1716, Acc: 0.5679
  Val   - Loss: 0.1681, Acc: 0.5900
  → Saved new best model: /home/hieutran/Facial-Recognition-with-Emotion-Liveness-Detection/outputs/mtl/checkpoints/liveness_best.pth

Epoch 10/50 (21.1s)
  Train - Loss: 0.1706, Acc: 0.5720
  Val   - Loss: 0.1668, Acc: 0.6076
  → Saved new best model: /home/hieutran/Facial-Recognition-with-Emotion-Liveness-Detection/outputs/mtl/checkpoints/liveness_best.pth

Epoch 11/50 (21.1s)
  Train - Loss: 0.1694, Acc: 0.5733
  Val   - Loss: 0.1689, Acc: 0.5753

Epoch 12/50 (21.1s)
  Train - Loss: 0.1690, Acc: 0.5812
  Val   - Loss: 0.1693, Acc: 0.5834

Epoch 13/50 (21.1s)
  Train - Loss: 0.1682, Acc: 0.5840
  Val   - Loss: 0.1690, Acc: 0.5769

Epoch 14/50 (21.3s)
  Train - Loss: 0.1687, Acc: 0.5878
  Val   - Loss: 0.1684, Acc: 0.5844

Epoch 15/50 (21.0s)
  Train - Loss: 0.1684, Acc: 0.5873
  Val   - Loss: 0.1665, Acc: 0.6193
  → Saved new best model: /home/hieutran/Facial-Recognition-with-Emotion-Liveness-Detection/outputs/mtl/checkpoints/liveness_best.pth

Epoch 16/50 (20.9s)
  Train - Loss: 0.1672, Acc: 0.5997
  Val   - Loss: 0.1668, Acc: 0.5991

Epoch 17/50 (21.1s)
  Train - Loss: 0.1670, Acc: 0.5961
  Val   - Loss: 0.1664, Acc: 0.6001
  → Saved new best model: /home/hieutran/Facial-Recognition-with-Emotion-Liveness-Detection/outputs/mtl/checkpoints/liveness_best.pth

Epoch 18/50 (21.0s)
  Train - Loss: 0.1670, Acc: 0.5986
  Val   - Loss: 0.1662, Acc: 0.5984
  → Saved new best model: /home/hieutran/Facial-Recognition-with-Emotion-Liveness-Detection/outputs/mtl/checkpoints/liveness_best.pth

Epoch 19/50 (21.0s)
  Train - Loss: 0.1669, Acc: 0.5925
  Val   - Loss: 0.1662, Acc: 0.6010
  → Saved new best model: /home/hieutran/Facial-Recognition-with-Emotion-Liveness-Detection/outputs/mtl/checkpoints/liveness_best.pth

Epoch 20/50 (21.1s)
  Train - Loss: 0.1663, Acc: 0.6051
  Val   - Loss: 0.1662, Acc: 0.6030
  → Saved new best model: /home/hieutran/Facial-Recognition-with-Emotion-Liveness-Detection/outputs/mtl/checkpoints/liveness_best.pth

Epoch 21/50 (21.1s)
  Train - Loss: 0.1665, Acc: 0.6012
  Val   - Loss: 0.1646, Acc: 0.6167
  → Saved new best model: /home/hieutran/Facial-Recognition-with-Emotion-Liveness-Detection/outputs/mtl/checkpoints/liveness_best.pth

Epoch 22/50 (21.1s)
  Train - Loss: 0.1658, Acc: 0.6077
  Val   - Loss: 0.1648, Acc: 0.6180

Epoch 23/50 (20.9s)
  Train - Loss: 0.1663, Acc: 0.6027
  Val   - Loss: 0.1662, Acc: 0.6033

Epoch 24/50 (20.9s)
  Train - Loss: 0.1659, Acc: 0.6020
  Val   - Loss: 0.1655, Acc: 0.6079

Epoch 25/50 (20.9s)
  Train - Loss: 0.1650, Acc: 0.6103
  Val   - Loss: 0.1648, Acc: 0.6206

Epoch 26/50 (20.9s)
  Train - Loss: 0.1651, Acc: 0.6055
  Val   - Loss: 0.1647, Acc: 0.6164

Epoch 27/50 (20.9s)
  Train - Loss: 0.1656, Acc: 0.6098
  Val   - Loss: 0.1647, Acc: 0.6199

Epoch 28/50 (20.9s)
  Train - Loss: 0.1648, Acc: 0.6119
  Val   - Loss: 0.1646, Acc: 0.6180

Epoch 29/50 (21.0s)
  Train - Loss: 0.1643, Acc: 0.6183
  Val   - Loss: 0.1646, Acc: 0.6180
  → Saved new best model: /home/hieutran/Facial-Recognition-with-Emotion-Liveness-Detection/outputs/mtl/checkpoints/liveness_best.pth

Epoch 30/50 (21.0s)
  Train - Loss: 0.1647, Acc: 0.6118
  Val   - Loss: 0.1643, Acc: 0.6203
  → Saved new best model: /home/hieutran/Facial-Recognition-with-Emotion-Liveness-Detection/outputs/mtl/checkpoints/liveness_best.pth

Epoch 31/50 (21.0s)
  Train - Loss: 0.1648, Acc: 0.6141
  Val   - Loss: 0.1639, Acc: 0.6248
  → Saved new best model: /home/hieutran/Facial-Recognition-with-Emotion-Liveness-Detection/outputs/mtl/checkpoints/liveness_best.pth

Epoch 32/50 (21.0s)
  Train - Loss: 0.1648, Acc: 0.6130
  Val   - Loss: 0.1644, Acc: 0.6196

Epoch 33/50 (20.9s)
  Train - Loss: 0.1642, Acc: 0.6154
  Val   - Loss: 0.1641, Acc: 0.6219

Epoch 34/50 (20.9s)
  Train - Loss: 0.1648, Acc: 0.6109
  Val   - Loss: 0.1657, Acc: 0.6095

Epoch 35/50 (21.0s)
  Train - Loss: 0.1635, Acc: 0.6223
  Val   - Loss: 0.1638, Acc: 0.6268
  → Saved new best model: /home/hieutran/Facial-Recognition-with-Emotion-Liveness-Detection/outputs/mtl/checkpoints/liveness_best.pth

Epoch 36/50 (21.0s)
  Train - Loss: 0.1642, Acc: 0.6211
  Val   - Loss: 0.1636, Acc: 0.6274
  → Saved new best model: /home/hieutran/Facial-Recognition-with-Emotion-Liveness-Detection/outputs/mtl/checkpoints/liveness_best.pth

Epoch 37/50 (21.0s)
  Train - Loss: 0.1640, Acc: 0.6216
  Val   - Loss: 0.1639, Acc: 0.6203

Epoch 38/50 (20.9s)
  Train - Loss: 0.1646, Acc: 0.6187
  Val   - Loss: 0.1636, Acc: 0.6274

Epoch 39/50 (21.0s)
  Train - Loss: 0.1639, Acc: 0.6174
  Val   - Loss: 0.1636, Acc: 0.6206

Epoch 40/50 (21.0s)
  Train - Loss: 0.1639, Acc: 0.6197
  Val   - Loss: 0.1641, Acc: 0.6147

Epoch 41/50 (20.9s)
  Train - Loss: 0.1636, Acc: 0.6238
  Val   - Loss: 0.1636, Acc: 0.6278

Epoch 42/50 (21.0s)
  Train - Loss: 0.1639, Acc: 0.6180
  Val   - Loss: 0.1634, Acc: 0.6229
  → Saved new best model: /home/hieutran/Facial-Recognition-with-Emotion-Liveness-Detection/outputs/mtl/checkpoints/liveness_best.pth

Epoch 43/50 (20.9s)
  Train - Loss: 0.1633, Acc: 0.6224
  Val   - Loss: 0.1638, Acc: 0.6209

Epoch 44/50 (20.8s)
  Train - Loss: 0.1636, Acc: 0.6152
  Val   - Loss: 0.1637, Acc: 0.6248

Epoch 45/50 (20.9s)
  Train - Loss: 0.1629, Acc: 0.6246
  Val   - Loss: 0.1635, Acc: 0.6206

Epoch 46/50 (20.9s)
  Train - Loss: 0.1629, Acc: 0.6343
  Val   - Loss: 0.1634, Acc: 0.6261

Epoch 47/50 (20.9s)
  Train - Loss: 0.1638, Acc: 0.6150
  Val   - Loss: 0.1635, Acc: 0.6274

Epoch 48/50 (20.7s)
  Train - Loss: 0.1637, Acc: 0.6235
  Val   - Loss: 0.1634, Acc: 0.6268

Epoch 49/50 (20.8s)
  Train - Loss: 0.1633, Acc: 0.6179
  Val   - Loss: 0.1631, Acc: 0.6226
  → Saved new best model: /home/hieutran/Facial-Recognition-with-Emotion-Liveness-Detection/outputs/mtl/checkpoints/liveness_best.pth

Epoch 50/50 (20.7s)
  Train - Loss: 0.1638, Acc: 0.6226
  Val   - Loss: 0.1634, Acc: 0.6252


============================================================
Training Complete!
Best validation loss: 0.1631
History saved to: /home/hieutran/Facial-Recognition-with-Emotion-Liveness-Detection/outputs/mtl/liveness_history.json
Best model saved to: /home/hieutran/Facial-Recognition-with-Emotion-Liveness-Detection/outputs/mtl/checkpoints/liveness_best.pth
============================================================
